00:00 +0: loading /Users/ralein/Desktop/project/Unorive/test/trip_tracking_test.dart
00:00 +0: (setUpAll)
00:00 +0: TripTrackingSheet Widget Tests renders nothing when trip status is idle
══╡ EXCEPTION CAUGHT BY WIDGETS LIBRARY ╞═══════════════════════════════════════════════════════════
The following ProviderException was thrown building TripTrackingSheet(dirty, dependencies:
[InheritedCupertinoTheme, _InheritedTheme, _LocalizationsScope-[GlobalKey#16fc7],
_UncontrolledProviderScope], state: _ConsumerState#c20bf):
Tried to use a provider that is in error state.

A provider threw the following exception:
UnimplementedError: LocalStorageService has not been initialized

The stack trace of the exception:
#0      localStorageService (package:unorive/features/auth/auth_provider.dart:13:3)
#1      LocalStorageServiceProvider.create
(package:unorive/features/auth/auth_provider.g.dart:52:12)
#2      $ProviderElement.create (package:riverpod/src/providers/provider.dart:343:32)
#3      ProviderElement.buildState (package:riverpod/src/core/element.dart:684:28)
#4      ProviderElement.mount (package:riverpod/src/core/element.dart:537:7)
#5      ProviderElement.flush (package:riverpod/src/core/element.dart:640:7)
#6      $ProviderBaseImpl._addListener (package:riverpod/src/core/provider/provider.dart:119:24)
#7      ProviderContainer.listen (package:riverpod/src/core/provider_container.dart:960:26)
#8      ProviderContainer.read (package:riverpod/src/core/provider_container.dart:917:17)
#9      Ref.read (package:riverpod/src/core/ref.dart:540:30)
#10     TripController.build (package:unorive/features/trip_tracking/trip_provider.dart:102:25)
#11     $NotifierProviderElement.handleCreate (package:riverpod/src/providers/notifier.dart:93:32)
#12     _$TripController.runBuild
(package:unorive/features/trip_tracking/trip_provider.g.dart:69:13)
#13     $ClassProviderElement.create
(package:riverpod/src/core/provider/notifier_provider.dart:560:28)
#14     ProviderElement.buildState (package:riverpod/src/core/element.dart:684:28)
#15     ProviderElement.mount (package:riverpod/src/core/element.dart:537:7)
#16     ProviderElement.flush (package:riverpod/src/core/element.dart:640:7)
#17     $ProviderBaseImpl._addListener (package:riverpod/src/core/provider/provider.dart:119:24)
#18     ProviderContainer.listen (package:riverpod/src/core/provider_container.dart:960:26)
#19     ConsumerStatefulElement.watch.<anonymous closure>
(package:flutter_riverpod/src/core/consumer.dart:475:37)
#20     _LinkedHashMapMixin.putIfAbsent (dart:_compact_hash:675:23)
#21     ConsumerStatefulElement.watch (package:flutter_riverpod/src/core/consumer.dart:468:14)
#22     TripTrackingSheet.build
(package:unorive/features/trip_tracking/trip_tracking_sheet.dart:18:27)
#23     _ConsumerState.build (package:flutter_riverpod/src/core/consumer.dart:283:48)
#24     StatefulElement.build (package:flutter/src/widgets/framework.dart:5931:27)
#25     ConsumerStatefulElement.build (package:flutter_riverpod/src/core/consumer.dart:445:20)
#26     ComponentElement.performRebuild (package:flutter/src/widgets/framework.dart:5817:15)
#27     StatefulElement.performRebuild (package:flutter/src/widgets/framework.dart:5982:11)
#28     Element.rebuild (package:flutter/src/widgets/framework.dart:5529:7)
#29     ComponentElement._firstBuild (package:flutter/src/widgets/framework.dart:5799:5)
#30     StatefulElement._firstBuild (package:flutter/src/widgets/framework.dart:5973:11)
#31     ComponentElement.mount (package:flutter/src/widgets/framework.dart:5793:5)
#32     Element.inflateWidget (package:flutter/src/widgets/framework.dart:4587:20)
#33     MultiChildRenderObjectElement.inflateWidget
(package:flutter/src/widgets/framework.dart:7264:36)
#34     MultiChildRenderObjectElement.mount (package:flutter/src/widgets/framework.dart:7279:32)
#35     Element.inflateWidget (package:flutter/src/widgets/framework.dart:4587:20)
#36     Element.updateChild (package:flutter/src/widgets/framework.dart:4059:18)
#37     ComponentElement.performRebuild (package:flutter/src/widgets/framework.dart:5841:16)
#38     Element.rebuild (package:flutter/src/widgets/framework.dart:5529:7)
#39     ComponentElement._firstBuild (package:flutter/src/widgets/framework.dart:5799:5)
#40     ComponentElement.mount (package:flutter/src/widgets/framework.dart:5793:5)
#41     Element.inflateWidget (package:flutter/src/widgets/framework.dart:4587:20)
#42     Element.updateChild (package:flutter/src/widgets/framework.dart:4059:18)
#43     ComponentElement.performRebuild (package:flutter/src/widgets/framework.dart:5841:16)
#44     Element.rebuild (package:flutter/src/widgets/framework.dart:5529:7)
#45     ComponentElement._firstBuild (package:flutter/src/widgets/framework.dart:5799:5)
#46     ComponentElement.mount (package:flutter/src/widgets/framework.dart:5793:5)
#47     Element.inflateWidget (package:flutter/src/widgets/framework.dart:4587:20)
#48     Element.updateChild (package:flutter/src/widgets/framework.dart:4059:18)
#49     ComponentElement.performRebuild (package:flutter/src/widgets/framework.dart:5841:16)
#50     Element.rebuild (package:flutter/src/widgets/framework.dart:5529:7)
#51     ComponentElement._firstBuild (package:flutter/src/widgets/framework.dart:5799:5)
#52     ComponentElement.mount (package:flutter/src/widgets/framework.dart:5793:5)
#53     Element.inflateWidget (package:flutter/src/widgets/framework.dart:4587:20)
#54     Element.updateChild (package:flutter/src/widgets/framework.dart:4059:18)
#55     ComponentElement.performRebuild (package:flutter/src/widgets/framework.dart:5841:16)
#56     Element.rebuild (package:flutter/src/widgets/framework.dart:5529:7)
#57     ComponentElement._firstBuild (package:flutter/src/widgets/framework.dart:5799:5)
#58     ComponentElement.mount (package:flutter/src/widgets/framework.dart:5793:5)
#59     Element.inflateWidget (package:flutter/src/widgets/framework.dart:4587:20)
#60     MultiChildRenderObjectElement.inflateWidget
(package:flutter/src/widgets/framework.dart:7264:36)
#61     MultiChildRenderObjectElement.mount (package:flutter/src/widgets/framework.dart:7279:32)
#62     Element.inflateWidget (package:flutter/src/widgets/framework.dart:4587:20)
#63     Element.updateChild (package:flutter/src/widgets/framework.dart:4059:18)
#64     ComponentElement.performRebuild (package:flutter/src/widgets/framework.dart:5841:16)
#65     Element.rebuild (package:flutter/src/widgets/framework.dart:5529:7)
#66     ComponentElement._firstBuild (package:flutter/src/widgets/framework.dart:5799:5)
#67     ComponentElement.mount (package:flutter/src/widgets/framework.dart:5793:5)
#68     Element.inflateWidget (package:flutter/src/widgets/framework.dart:4587:20)
#69     Element.updateChild (package:flutter/src/widgets/framework.dart:4059:18)
#70     ComponentElement.performRebuild (package:flutter/src/widgets/framework.dart:5841:16)
#71     StatefulElement.performRebuild (package:flutter/src/widgets/framework.dart:5982:11)
#72     Element.rebuild (package:flutter/src/widgets/framework.dart:5529:7)
#73     ComponentElement._firstBuild (package:flutter/src/widgets/framework.dart:5799:5)
#74     StatefulElement._firstBuild (package:flutter/src/widgets/framework.dart:5973:11)
#75     ComponentElement.mount (package:flutter/src/widgets/framework.dart:5793:5)
#76     Element.inflateWidget (package:flutter/src/widgets/framework.dart:4587:20)
#77     Element.updateChild (package:flutter/src/widgets/framework.dart:4059:18)
#78     ComponentElement.performRebuild (package:flutter/src/widgets/framework.dart:5841:16)
#79     StatefulElement.performRebuild (package:flutter/src/widgets/framework.dart:5982:11)
#80     Element.rebuild (package:flutter/src/widgets/framework.dart:5529:7)
#81     ComponentElement._firstBuild (package:flutter/src/widgets/framework.dart:5799:5)
#82     StatefulElement._firstBuild (package:flutter/src/widgets/framework.dart:5973:11)
#83     ComponentElement.mount (package:flutter/src/widgets/framework.dart:5793:5)
#84     Element.inflateWidget (package:flutter/src/widgets/framework.dart:4587:20)
#85     Element.updateChild (package:flutter/src/widgets/framework.dart:4059:18)
#86     ComponentElement.performRebuild (package:flutter/src/widgets/framework.dart:5841:16)
#87     Element.rebuild (package:flutter/src/widgets/framework.dart:5529:7)
#88     ComponentElement._firstBuild (package:flutter/src/widgets/framework.dart:5799:5)
#89     ComponentElement.mount (package:flutter/src/widgets/framework.dart:5793:5)
#90     Element.inflateWidget (package:flutter/src/widgets/framework.dart:4587:20)
#91     Element.updateChild (package:flutter/src/widgets/framework.dart:4059:18)
#92     ComponentElement.performRebuild (package:flutter/src/widgets/framework.dart:5841:16)
#93     StatefulElement.performRebuild (package:flutter/src/widgets/framework.dart:5982:11)
#94     Element.rebuild (package:flutter/src/widgets/framework.dart:5529:7)
#95     ComponentElement._firstBuild (package:flutter/src/widgets/framework.dart:5799:5)
#96     StatefulElement._firstBuild (package:flutter/src/widgets/framework.dart:5973:11)
#97     ComponentElement.mount (package:flutter/src/widgets/framework.dart:5793:5)
#98     Element.inflateWidget (package:flutter/src/widgets/framework.dart:4587:20)
#99     Element.updateChild (package:flutter/src/widgets/framework.dart:4059:18)
#100    SingleChildRenderObjectElement.mount (package:flutter/src/widgets/framework.dart:7115:14)
#101    Element.inflateWidget (package:flutter/src/widgets/framework.dart:4587:20)
#102    Element.updateChild (package:flutter/src/widgets/framework.dart:4059:18)
#103    ComponentElement.performRebuild (package:flutter/src/widgets/framework.dart:5841:16)
#104    Element.rebuild (package:flutter/src/widgets/framework.dart:5529:7)
#105    ComponentElement._firstBuild (package:flutter/src/widgets/framework.dart:5799:5)
#106    ComponentElement.mount (package:flutter/src/widgets/framework.dart:5793:5)
#107    Element.inflateWidget (package:flutter/src/widgets/framework.dart:4587:20)
#108    Element.updateChild (package:flutter/src/widgets/framework.dart:4059:18)
#109    SingleChildRenderObjectElement.mount (package:flutter/src/widgets/framework.dart:7115:14)
#110    Element.inflateWidget (package:flutter/src/widgets/framework.dart:4587:20)
#111    Element.updateChild (package:flutter/src/widgets/framework.dart:4059:18)
#112    ComponentElement.performRebuild (package:flutter/src/widgets/framework.dart:5841:16)
#113    StatefulElement.performRebuild (package:flutter/src/widgets/framework.dart:5982:11)
#114    Element.rebuild (package:flutter/src/widgets/framework.dart:5529:7)
#115    ComponentElement._firstBuild (package:flutter/src/widgets/framework.dart:5799:5)
#116    StatefulElement._firstBuild (package:flutter/src/widgets/framework.dart:5973:11)
#117    ComponentElement.mount (package:flutter/src/widgets/framework.dart:5793:5)
#118    Element.inflateWidget (package:flutter/src/widgets/framework.dart:4587:20)
#119    Element.updateChild (package:flutter/src/widgets/framework.dart:4059:18)
#120    ComponentElement.performRebuild (package:flutter/src/widgets/framework.dart:5841:16)
#121    StatefulElement.performRebuild (package:flutter/src/widgets/framework.dart:5982:11)
#122    Element.rebuild (package:flutter/src/widgets/framework.dart:5529:7)
#123    ComponentElement._firstBuild (package:flutter/src/widgets/framework.dart:5799:5)
#124    StatefulElement._firstBuild (package:flutter/src/widgets/framework.dart:5973:11)
#125    ComponentElement.mount (package:flutter/src/widgets/framework.dart:5793:5)
#126    Element.inflateWidget (package:flutter/src/widgets/framework.dart:4587:20)
#127    Element.updateChild (package:flutter/src/widgets/framework.dart:4059:18)
#128    ComponentElement.performRebuild (package:flutter/src/widgets/framework.dart:5841:16)
#129    Element.rebuild (package:flutter/src/widgets/framework.dart:5529:7)
#130    ComponentElement._firstBuild (package:flutter/src/widgets/framework.dart:5799:5)
#131    ComponentElement.mount (package:flutter/src/widgets/framework.dart:5793:5)
#132    Element.inflateWidget (package:flutter/src/widgets/framework.dart:4587:20)
#133    Element.updateChild (package:flutter/src/widgets/framework.dart:4059:18)
#134    ComponentElement.performRebuild (package:flutter/src/widgets/framework.dart:5841:16)
#135    Element.rebuild (package:flutter/src/widgets/framework.dart:5529:7)
#136    ComponentElement._firstBuild (package:flutter/src/widgets/framework.dart:5799:5)
#137    ComponentElement.mount (package:flutter/src/widgets/framework.dart:5793:5)
#138    Element.inflateWidget (package:flutter/src/widgets/framework.dart:4587:20)
#139    Element.updateChild (package:flutter/src/widgets/framework.dart:4059:18)
#140    ComponentElement.performRebuild (package:flutter/src/widgets/framework.dart:5841:16)
#141    Element.rebuild (package:flutter/src/widgets/framework.dart:5529:7)
#142    ComponentElement._firstBuild (package:flutter/src/widgets/framework.dart:5799:5)
#143    ComponentElement.mount (package:flutter/src/widgets/framework.dart:5793:5)
#144    Element.inflateWidget (package:flutter/src/widgets/framework.dart:4587:20)
#145    Element.updateChild (package:flutter/src/widgets/framework.dart:4059:18)
#146    ComponentElement.performRebuild (package:flutter/src/widgets/framework.dart:5841:16)
#147    StatefulElement.performRebuild (package:flutter/src/widgets/framework.dart:5982:11)
#148    Element.rebuild (package:flutter/src/widgets/framework.dart:5529:7)
#149    ComponentElement._firstBuild (package:flutter/src/widgets/framework.dart:5799:5)
#150    StatefulElement._firstBuild (package:flutter/src/widgets/framework.dart:5973:11)
#151    ComponentElement.mount (package:flutter/src/widgets/framework.dart:5793:5)
#152    Element.inflateWidget (package:flutter/src/widgets/framework.dart:4587:20)
#153    Element.updateChild (package:flutter/src/widgets/framework.dart:4059:18)
#154    ComponentElement.performRebuild (package:flutter/src/widgets/framework.dart:5841:16)
#155    Element.rebuild (package:flutter/src/widgets/framework.dart:5529:7)
#156    ComponentElement._firstBuild (package:flutter/src/widgets/framework.dart:5799:5)
#157    ComponentElement.mount (package:flutter/src/widgets/framework.dart:5793:5)
#158    Element.inflateWidget (package:flutter/src/widgets/framework.dart:4587:20)
#159    Element.updateChild (package:flutter/src/widgets/framework.dart:4059:18)
#160    ComponentElement.performRebuild (package:flutter/src/widgets/framework.dart:5841:16)
#161    StatefulElement.performRebuild (package:flutter/src/widgets/framework.dart:5982:11)
#162    Element.rebuild (package:flutter/src/widgets/framework.dart:5529:7)
#163    ComponentElement._firstBuild (package:flutter/src/widgets/framework.dart:5799:5)
#164    StatefulElement._firstBuild (package:flutter/src/widgets/framework.dart:5973:11)
#165    ComponentElement.mount (package:flutter/src/widgets/framework.dart:5793:5)
#166    Element.inflateWidget (package:flutter/src/widgets/framework.dart:4587:20)
#167    Element.updateChild (package:flutter/src/widgets/framework.dart:4059:18)
#168    SingleChildRenderObjectElement.mount (package:flutter/src/widgets/framework.dart:7115:14)
#169    Element.inflateWidget (package:flutter/src/widgets/framework.dart:4587:20)
#170    Element.updateChild (package:flutter/src/widgets/framework.dart:4059:18)
#171    ComponentElement.performRebuild (package:flutter/src/widgets/framework.dart:5841:16)
#172    Element.rebuild (package:flutter/src/widgets/framework.dart:5529:7)
#173    ComponentElement._firstBuild (package:flutter/src/widgets/framework.dart:5799:5)
#174    ComponentElement.mount (package:flutter/src/widgets/framework.dart:5793:5)
#175    Element.inflateWidget (package:flutter/src/widgets/framework.dart:4587:20)
#176    Element.updateChild (package:flutter/src/widgets/framework.dart:4059:18)
#177    SingleChildRenderObjectElement.mount (package:flutter/src/widgets/framework.dart:7115:14)
#178    Element.inflateWidget (package:flutter/src/widgets/framework.dart:4587:20)
#179    Element.updateChild (package:flutter/src/widgets/framework.dart:4059:18)
#180    SingleChildRenderObjectElement.mount (package:flutter/src/widgets/framework.dart:7115:14)
#181    Element.inflateWidget (package:flutter/src/widgets/framework.dart:4587:20)
#182    Element.updateChild (package:flutter/src/widgets/framework.dart:4059:18)
#183    ComponentElement.performRebuild (package:flutter/src/widgets/framework.dart:5841:16)
#184    StatefulElement.performRebuild (package:flutter/src/widgets/framework.dart:5982:11)
#185    Element.rebuild (package:flutter/src/widgets/framework.dart:5529:7)
#186    ComponentElement._firstBuild (package:flutter/src/widgets/framework.dart:5799:5)
#187    StatefulElement._firstBuild (package:flutter/src/widgets/framework.dart:5973:11)
#188    ComponentElement.mount (package:flutter/src/widgets/framework.dart:5793:5)
#189    Element.inflateWidget (package:flutter/src/widgets/framework.dart:4587:20)
#190    Element.updateChild (package:flutter/src/widgets/framework.dart:4059:18)
#191    SingleChildRenderObjectElement.mount (package:flutter/src/widgets/framework.dart:7115:14)
#192    Element.inflateWidget (package:flutter/src/widgets/framework.dart:4587:20)
#193    Element.updateChild (package:flutter/src/widgets/framework.dart:4059:18)
#194    ComponentElement.performRebuild (package:flutter/src/widgets/framework.dart:5841:16)
#195    StatefulElement.performRebuild (package:flutter/src/widgets/framework.dart:5982:11)
#196    Element.rebuild (package:flutter/src/widgets/framework.dart:5529:7)
#197    ComponentElement._firstBuild (package:flutter/src/widgets/framework.dart:5799:5)
#198    StatefulElement._firstBuild (package:flutter/src/widgets/framework.dart:5973:11)
#199    ComponentElement.mount (package:flutter/src/widgets/framework.dart:5793:5)
#200    Element.inflateWidget (package:flutter/src/widgets/framework.dart:4587:20)
#201    Element.updateChild (package:flutter/src/widgets/framework.dart:4059:18)
#202    SingleChildRenderObjectElement.mount (package:flutter/src/widgets/framework.dart:7115:14)
#203    Element.inflateWidget (package:flutter/src/widgets/framework.dart:4587:20)
#204    Element.updateChild (package:flutter/src/widgets/framework.dart:4059:18)
#205    SingleChildRenderObjectElement.mount (package:flutter/src/widgets/framework.dart:7115:14)
#206    Element.inflateWidget (package:flutter/src/widgets/framework.dart:4587:20)
#207    Element.updateChild (package:flutter/src/widgets/framework.dart:4059:18)
#208    ComponentElement.performRebuild (package:flutter/src/widgets/framework.dart:5841:16)
#209    StatefulElement.performRebuild (package:flutter/src/widgets/framework.dart:5982:11)
#210    Element.rebuild (package:flutter/src/widgets/framework.dart:5529:7)
#211    ComponentElement._firstBuild (package:flutter/src/widgets/framework.dart:5799:5)
#212    StatefulElement._firstBuild (package:flutter/src/widgets/framework.dart:5973:11)
#213    ComponentElement.mount (package:flutter/src/widgets/framework.dart:5793:5)
#214    Element.inflateWidget (package:flutter/src/widgets/framework.dart:4587:20)
#215    Element.updateChild (package:flutter/src/widgets/framework.dart:4059:18)
#216    SingleChildRenderObjectElement.mount (package:flutter/src/widgets/framework.dart:7115:14)
#217    Element.inflateWidget (package:flutter/src/widgets/framework.dart:4587:20)
#218    Element.updateChild (package:flutter/src/widgets/framework.dart:4059:18)
#219    ComponentElement.performRebuild (package:flutter/src/widgets/framework.dart:5841:16)
#220    StatefulElement.performRebuild (package:flutter/src/widgets/framework.dart:5982:11)
#221    Element.rebuild (package:flutter/src/widgets/framework.dart:5529:7)
#222    ComponentElement._firstBuild (package:flutter/src/widgets/framework.dart:5799:5)
#223    StatefulElement._firstBuild (package:flutter/src/widgets/framework.dart:5973:11)
#224    ComponentElement.mount (package:flutter/src/widgets/framework.dart:5793:5)
#225    Element.inflateWidget (package:flutter/src/widgets/framework.dart:4587:20)
#226    Element.updateChild (package:flutter/src/widgets/framework.dart:4059:18)
#227    SingleChildRenderObjectElement.mount (package:flutter/src/widgets/framework.dart:7115:14)
#228    Element.inflateWidget (package:flutter/src/widgets/framework.dart:4587:20)
#229    Element.updateChild (package:flutter/src/widgets/framework.dart:4059:18)
#230    SingleChildRenderObjectElement.mount (package:flutter/src/widgets/framework.dart:7115:14)
#231    Element.inflateWidget (package:flutter/src/widgets/framework.dart:4587:20)
#232    Element.updateChild (package:flutter/src/widgets/framework.dart:4059:18)
#233    ComponentElement.performRebuild (package:flutter/src/widgets/framework.dart:5841:16)
#234    StatefulElement.performRebuild (package:flutter/src/widgets/framework.dart:5982:11)
#235    Element.rebuild (package:flutter/src/widgets/framework.dart:5529:7)
#236    ComponentElement._firstBuild (package:flutter/src/widgets/framework.dart:5799:5)
#237    StatefulElement._firstBuild (package:flutter/src/widgets/framework.dart:5973:11)
#238    ComponentElement.mount (package:flutter/src/widgets/framework.dart:5793:5)
#239    Element.inflateWidget (package:flutter/src/widgets/framework.dart:4587:20)
#240    Element.updateChild (package:flutter/src/widgets/framework.dart:4059:18)
#241    SingleChildRenderObjectElement.mount (package:flutter/src/widgets/framework.dart:7115:14)
#242    Element.inflateWidget (package:flutter/src/widgets/framework.dart:4587:20)
#243    Element.updateChild (package:flutter/src/widgets/framework.dart:4059:18)
#244    SingleChildRenderObjectElement.mount (package:flutter/src/widgets/framework.dart:7115:14)
#245    Element.inflateWidget (package:flutter/src/widgets/framework.dart:4587:20)
#246    Element.updateChild (package:flutter/src/widgets/framework.dart:4059:18)
#247    SingleChildRenderObjectElement.mount (package:flutter/src/widgets/framework.dart:7115:14)
#248    Element.inflateWidget (package:flutter/src/widgets/framework.dart:4587:20)
#249    Element.updateChild (package:flutter/src/widgets/framework.dart:4059:18)
#250    ComponentElement.performRebuild (package:flutter/src/widgets/framework.dart:5841:16)
#251    StatefulElement.performRebuild (package:flutter/src/widgets/framework.dart:5982:11)
#252    Element.rebuild (package:flutter/src/widgets/framework.dart:5529:7)
#253    ComponentElement._firstBuild (package:flutter/src/widgets/framework.dart:5799:5)
#254    StatefulElement._firstBuild (package:flutter/src/widgets/framework.dart:5973:11)
#255    ComponentElement.mount (package:flutter/src/widgets/framework.dart:5793:5)
#256    Element.inflateWidget (package:flutter/src/widgets/framework.dart:4587:20)
#257    Element.updateChild (package:flutter/src/widgets/framework.dart:4059:18)
#258    SingleChildRenderObjectElement.mount (package:flutter/src/widgets/framework.dart:7115:14)
#259    Element.inflateWidget (package:flutter/src/widgets/framework.dart:4587:20)
#260    Element.updateChild (package:flutter/src/widgets/framework.dart:4059:18)
#261    ComponentElement.performRebuild (package:flutter/src/widgets/framework.dart:5841:16)
#262    StatefulElement.performRebuild (package:flutter/src/widgets/framework.dart:5982:11)
#263    Element.rebuild (package:flutter/src/widgets/framework.dart:5529:7)
#264    ComponentElement._firstBuild (package:flutter/src/widgets/framework.dart:5799:5)
#265    StatefulElement._firstBuild (package:flutter/src/widgets/framework.dart:5973:11)
#266    ComponentElement.mount (package:flutter/src/widgets/framework.dart:5793:5)
#267    Element.inflateWidget (package:flutter/src/widgets/framework.dart:4587:20)
#268    Element.updateChild (package:flutter/src/widgets/framework.dart:4059:18)
#269    ComponentElement.performRebuild (package:flutter/src/widgets/framework.dart:5841:16)
#270    Element.rebuild (package:flutter/src/widgets/framework.dart:5529:7)
#271    ComponentElement._firstBuild (package:flutter/src/widgets/framework.dart:5799:5)
#272    ComponentElement.mount (package:flutter/src/widgets/framework.dart:5793:5)
#273    Element.inflateWidget (package:flutter/src/widgets/framework.dart:4587:20)
#274    Element.updateChild (package:flutter/src/widgets/framework.dart:4059:18)
#275    ComponentElement.performRebuild (package:flutter/src/widgets/framework.dart:5841:16)
#276    StatefulElement.performRebuild (package:flutter/src/widgets/framework.dart:5982:11)
#277    Element.rebuild (package:flutter/src/widgets/framework.dart:5529:7)
#278    ComponentElement._firstBuild (package:flutter/src/widgets/framework.dart:5799:5)
#279    StatefulElement._firstBuild (package:flutter/src/widgets/framework.dart:5973:11)
#280    ComponentElement.mount (package:flutter/src/widgets/framework.dart:5793:5)
#281    Element.inflateWidget (package:flutter/src/widgets/framework.dart:4587:20)
#282    Element.updateChild (package:flutter/src/widgets/framework.dart:4059:18)
#283    ComponentElement.performRebuild (package:flutter/src/widgets/framework.dart:5841:16)
#284    StatefulElement.performRebuild (package:flutter/src/widgets/framework.dart:5982:11)
#285    Element.rebuild (package:flutter/src/widgets/framework.dart:5529:7)
#286    ComponentElement._firstBuild (package:flutter/src/widgets/framework.dart:5799:5)
#287    StatefulElement._firstBuild (package:flutter/src/widgets/framework.dart:5973:11)
#288    ComponentElement.mount (package:flutter/src/widgets/framework.dart:5793:5)
#289    Element.inflateWidget (package:flutter/src/widgets/framework.dart:4587:20)
#290    Element.updateChild (package:flutter/src/widgets/framework.dart:4059:18)
#291    ComponentElement.performRebuild (package:flutter/src/widgets/framework.dart:5841:16)
#292    StatefulElement.performRebuild (package:flutter/src/widgets/framework.dart:5982:11)
#293    Element.rebuild (package:flutter/src/widgets/framework.dart:5529:7)
#294    ComponentElement._firstBuild (package:flutter/src/widgets/framework.dart:5799:5)
#295    StatefulElement._firstBuild (package:flutter/src/widgets/framework.dart:5973:11)
#296    ComponentElement.mount (package:flutter/src/widgets/framework.dart:5793:5)
#297    Element.inflateWidget (package:flutter/src/widgets/framework.dart:4587:20)
#298    Element.updateChild (package:flutter/src/widgets/framework.dart:4059:18)
#299    SingleChildRenderObjectElement.mount (package:flutter/src/widgets/framework.dart:7115:14)
#300    Element.inflateWidget (package:flutter/src/widgets/framework.dart:4587:20)
#301    Element.updateChild (package:flutter/src/widgets/framework.dart:4059:18)
#302    ComponentElement.performRebuild (package:flutter/src/widgets/framework.dart:5841:16)
#303    Element.rebuild (package:flutter/src/widgets/framework.dart:5529:7)
#304    ComponentElement._firstBuild (package:flutter/src/widgets/framework.dart:5799:5)
#305    ComponentElement.mount (package:flutter/src/widgets/framework.dart:5793:5)
#306    Element.inflateWidget (package:flutter/src/widgets/framework.dart:4587:20)
#307    Element.updateChild (package:flutter/src/widgets/framework.dart:4059:18)
#308    SingleChildRenderObjectElement.mount (package:flutter/src/widgets/framework.dart:7115:14)
#309    Element.inflateWidget (package:flutter/src/widgets/framework.dart:4587:20)
#310    Element.updateChild (package:flutter/src/widgets/framework.dart:4059:18)
#311    ComponentElement.performRebuild (package:flutter/src/widgets/framework.dart:5841:16)
#312    StatefulElement.performRebuild (package:flutter/src/widgets/framework.dart:5982:11)
#313    Element.rebuild (package:flutter/src/widgets/framework.dart:5529:7)
#314    ComponentElement._firstBuild (package:flutter/src/widgets/framework.dart:5799:5)
#315    StatefulElement._firstBuild (package:flutter/src/widgets/framework.dart:5973:11)
#316    ComponentElement.mount (package:flutter/src/widgets/framework.dart:5793:5)
#317    Element.inflateWidget (package:flutter/src/widgets/framework.dart:4587:20)
#318    Element.updateChild (package:flutter/src/widgets/framework.dart:4059:18)
#319    ComponentElement.performRebuild (package:flutter/src/widgets/framework.dart:5841:16)
#320    Element.rebuild (package:flutter/src/widgets/framework.dart:5529:7)
#321    ComponentElement._firstBuild (package:flutter/src/widgets/framework.dart:5799:5)
#322    ComponentElement.mount (package:flutter/src/widgets/framework.dart:5793:5)
#323    Element.inflateWidget (package:flutter/src/widgets/framework.dart:4587:20)
#324    Element.updateChild (package:flutter/src/widgets/framework.dart:4059:18)
#325    ComponentElement.performRebuild (package:flutter/src/widgets/framework.dart:5841:16)
#326    Element.rebuild (package:flutter/src/widgets/framework.dart:5529:7)
#327    ComponentElement._firstBuild (package:flutter/src/widgets/framework.dart:5799:5)
#328    ComponentElement.mount (package:flutter/src/widgets/framework.dart:5793:5)
#329    Element.inflateWidget (package:flutter/src/widgets/framework.dart:4587:20)
#330    Element.updateChild (package:flutter/src/widgets/framework.dart:4059:18)
#331    ComponentElement.performRebuild (package:flutter/src/widgets/framework.dart:5841:16)
#332    StatefulElement.performRebuild (package:flutter/src/widgets/framework.dart:5982:11)
#333    Element.rebuild (package:flutter/src/widgets/framework.dart:5529:7)
#334    ComponentElement._firstBuild (package:flutter/src/widgets/framework.dart:5799:5)
#335    StatefulElement._firstBuild (package:flutter/src/widgets/framework.dart:5973:11)
#336    ComponentElement.mount (package:flutter/src/widgets/framework.dart:5793:5)
#337    Element.inflateWidget (package:flutter/src/widgets/framework.dart:4587:20)
#338    Element.updateChild (package:flutter/src/widgets/framework.dart:4059:18)
#339    ComponentElement.performRebuild (package:flutter/src/widgets/framework.dart:5841:16)
#340    Element.rebuild (package:flutter/src/widgets/framework.dart:5529:7)
#341    ComponentElement._firstBuild (package:flutter/src/widgets/framework.dart:5799:5)
#342    ComponentElement.mount (package:flutter/src/widgets/framework.dart:5793:5)
#343    Element.inflateWidget (package:flutter/src/widgets/framework.dart:4587:20)
#344    Element.updateChild (package:flutter/src/widgets/framework.dart:4059:18)
#345    ComponentElement.performRebuild (package:flutter/src/widgets/framework.dart:5841:16)
#346    Element.rebuild (package:flutter/src/widgets/framework.dart:5529:7)
#347    ComponentElement._firstBuild (package:flutter/src/widgets/framework.dart:5799:5)
#348    ComponentElement.mount (package:flutter/src/widgets/framework.dart:5793:5)
#349    Element.inflateWidget (package:flutter/src/widgets/framework.dart:4587:20)
#350    Element.updateChild (package:flutter/src/widgets/framework.dart:4059:18)
#351    SingleChildRenderObjectElement.mount (package:flutter/src/widgets/framework.dart:7115:14)
#352    Element.inflateWidget (package:flutter/src/widgets/framework.dart:4587:20)
#353    Element.updateChild (package:flutter/src/widgets/framework.dart:4059:18)
#354    ComponentElement.performRebuild (package:flutter/src/widgets/framework.dart:5841:16)
#355    Element.rebuild (package:flutter/src/widgets/framework.dart:5529:7)
#356    ComponentElement._firstBuild (package:flutter/src/widgets/framework.dart:5799:5)
#357    ComponentElement.mount (package:flutter/src/widgets/framework.dart:5793:5)
#358    Element.inflateWidget (package:flutter/src/widgets/framework.dart:4587:20)
#359    Element.updateChild (package:flutter/src/widgets/framework.dart:4059:18)
#360    ComponentElement.performRebuild (package:flutter/src/widgets/framework.dart:5841:16)
#361    Element.rebuild (package:flutter/src/widgets/framework.dart:5529:7)
#362    ComponentElement._firstBuild (package:flutter/src/widgets/framework.dart:5799:5)
#363    ComponentElement.mount (package:flutter/src/widgets/framework.dart:5793:5)
#364    Element.inflateWidget (package:flutter/src/widgets/framework.dart:4587:20)
#365    Element.updateChild (package:flutter/src/widgets/framework.dart:4059:18)
#366    ComponentElement.performRebuild (package:flutter/src/widgets/framework.dart:5841:16)
#367    StatefulElement.performRebuild (package:flutter/src/widgets/framework.dart:5982:11)
#368    Element.rebuild (package:flutter/src/widgets/framework.dart:5529:7)
#369    ComponentElement._firstBuild (package:flutter/src/widgets/framework.dart:5799:5)
#370    StatefulElement._firstBuild (package:flutter/src/widgets/framework.dart:5973:11)
#371    ComponentElement.mount (package:flutter/src/widgets/framework.dart:5793:5)
#372    Element.inflateWidget (package:flutter/src/widgets/framework.dart:4587:20)
#373    Element.updateChild (package:flutter/src/widgets/framework.dart:4059:18)
#374    ComponentElement.performRebuild (package:flutter/src/widgets/framework.dart:5841:16)
#375    StatefulElement.performRebuild (package:flutter/src/widgets/framework.dart:5982:11)
#376    Element.rebuild (package:flutter/src/widgets/framework.dart:5529:7)
#377    ComponentElement._firstBuild (package:flutter/src/widgets/framework.dart:5799:5)
#378    StatefulElement._firstBuild (package:flutter/src/widgets/framework.dart:5973:11)
#379    ComponentElement.mount (package:flutter/src/widgets/framework.dart:5793:5)
#380    Element.inflateWidget (package:flutter/src/widgets/framework.dart:4587:20)
#381    Element.updateChild (package:flutter/src/widgets/framework.dart:4059:18)
#382    ComponentElement.performRebuild (package:flutter/src/widgets/framework.dart:5841:16)
#383    StatefulElement.performRebuild (package:flutter/src/widgets/framework.dart:5982:11)
#384    Element.rebuild (package:flutter/src/widgets/framework.dart:5529:7)
#385    ComponentElement._firstBuild (package:flutter/src/widgets/framework.dart:5799:5)
#386    StatefulElement._firstBuild (package:flutter/src/widgets/framework.dart:5973:11)
#387    ComponentElement.mount (package:flutter/src/widgets/framework.dart:5793:5)
#388    Element.inflateWidget (package:flutter/src/widgets/framework.dart:4587:20)
#389    Element.updateChild (package:flutter/src/widgets/framework.dart:4059:18)
#390    SingleChildRenderObjectElement.mount (package:flutter/src/widgets/framework.dart:7115:14)
#391    Element.inflateWidget (package:flutter/src/widgets/framework.dart:4587:20)
#392    Element.updateChild (package:flutter/src/widgets/framework.dart:4059:18)
#393    ComponentElement.performRebuild (package:flutter/src/widgets/framework.dart:5841:16)
#394    Element.rebuild (package:flutter/src/widgets/framework.dart:5529:7)
#395    ComponentElement._firstBuild (package:flutter/src/widgets/framework.dart:5799:5)
#396    ComponentElement.mount (package:flutter/src/widgets/framework.dart:5793:5)
#397    Element.inflateWidget (package:flutter/src/widgets/framework.dart:4587:20)
#398    Element.updateChild (package:flutter/src/widgets/framework.dart:4059:18)
#399    ComponentElement.performRebuild (package:flutter/src/widgets/framework.dart:5841:16)
#400    Element.rebuild (package:flutter/src/widgets/framework.dart:5529:7)
#401    ComponentElement._firstBuild (package:flutter/src/widgets/framework.dart:5799:5)
#402    ComponentElement.mount (package:flutter/src/widgets/framework.dart:5793:5)
#403    Element.inflateWidget (package:flutter/src/widgets/framework.dart:4587:20)
#404    Element.updateChild (package:flutter/src/widgets/framework.dart:4059:18)
#405    ComponentElement.performRebuild (package:flutter/src/widgets/framework.dart:5841:16)
#406    Element.rebuild (package:flutter/src/widgets/framework.dart:5529:7)
#407    ComponentElement._firstBuild (package:flutter/src/widgets/framework.dart:5799:5)
#408    ComponentElement.mount (package:flutter/src/widgets/framework.dart:5793:5)
#409    Element.inflateWidget (package:flutter/src/widgets/framework.dart:4587:20)
#410    Element.updateChild (package:flutter/src/widgets/framework.dart:4059:18)
#411    ComponentElement.performRebuild (package:flutter/src/widgets/framework.dart:5841:16)
#412    StatefulElement.performRebuild (package:flutter/src/widgets/framework.dart:5982:11)
#413    Element.rebuild (package:flutter/src/widgets/framework.dart:5529:7)
#414    ComponentElement._firstBuild (package:flutter/src/widgets/framework.dart:5799:5)
#415    StatefulElement._firstBuild (package:flutter/src/widgets/framework.dart:5973:11)
#416    ComponentElement.mount (package:flutter/src/widgets/framework.dart:5793:5)
#417    Element.inflateWidget (package:flutter/src/widgets/framework.dart:4587:20)
#418    Element.updateChild (package:flutter/src/widgets/framework.dart:4059:18)
#419    ComponentElement.performRebuild (package:flutter/src/widgets/framework.dart:5841:16)
#420    StatefulElement.performRebuild (package:flutter/src/widgets/framework.dart:5982:11)
#421    Element.rebuild (package:flutter/src/widgets/framework.dart:5529:7)
#422    ComponentElement._firstBuild (package:flutter/src/widgets/framework.dart:5799:5)
#423    StatefulElement._firstBuild (package:flutter/src/widgets/framework.dart:5973:11)
#424    ComponentElement.mount (package:flutter/src/widgets/framework.dart:5793:5)
#425    Element.inflateWidget (package:flutter/src/widgets/framework.dart:4587:20)
#426    MultiChildRenderObjectElement.inflateWidget
(package:flutter/src/widgets/framework.dart:7264:36)
#427    MultiChildRenderObjectElement.mount (package:flutter/src/widgets/framework.dart:7279:32)
#428    Element.inflateWidget (package:flutter/src/widgets/framework.dart:4587:20)
#429    Element.updateChild (package:flutter/src/widgets/framework.dart:4059:18)
#430    ComponentElement.performRebuild (package:flutter/src/widgets/framework.dart:5841:16)
#431    StatefulElement.performRebuild (package:flutter/src/widgets/framework.dart:5982:11)
#432    Element.rebuild (package:flutter/src/widgets/framework.dart:5529:7)
#433    ComponentElement._firstBuild (package:flutter/src/widgets/framework.dart:5799:5)
#434    StatefulElement._firstBuild (package:flutter/src/widgets/framework.dart:5973:11)
#435    ComponentElement.mount (package:flutter/src/widgets/framework.dart:5793:5)
#436    Element.inflateWidget (package:flutter/src/widgets/framework.dart:4587:20)
#437    Element.updateChild (package:flutter/src/widgets/framework.dart:4059:18)
#438    ComponentElement.performRebuild (package:flutter/src/widgets/framework.dart:5841:16)
#439    Element.rebuild (package:flutter/src/widgets/framework.dart:5529:7)
#440    ComponentElement._firstBuild (package:flutter/src/widgets/framework.dart:5799:5)
#441    ComponentElement.mount (package:flutter/src/widgets/framework.dart:5793:5)
#442    Element.inflateWidget (package:flutter/src/widgets/framework.dart:4587:20)
#443    Element.updateChild (package:flutter/src/widgets/framework.dart:4059:18)
#444    ComponentElement.performRebuild (package:flutter/src/widgets/framework.dart:5841:16)
#445    Element.rebuild (package:flutter/src/widgets/framework.dart:5529:7)
#446    ComponentElement._firstBuild (package:flutter/src/widgets/framework.dart:5799:5)
#447    ComponentElement.mount (package:flutter/src/widgets/framework.dart:5793:5)
#448    Element.inflateWidget (package:flutter/src/widgets/framework.dart:4587:20)
#449    Element.updateChild (package:flutter/src/widgets/framework.dart:4059:18)
#450    ComponentElement.performRebuild (package:flutter/src/widgets/framework.dart:5841:16)
#451    StatefulElement.performRebuild (package:flutter/src/widgets/framework.dart:5982:11)
#452    Element.rebuild (package:flutter/src/widgets/framework.dart:5529:7)
#453    ComponentElement._firstBuild (package:flutter/src/widgets/framework.dart:5799:5)
#454    StatefulElement._firstBuild (package:flutter/src/widgets/framework.dart:5973:11)
#455    ComponentElement.mount (package:flutter/src/widgets/framework.dart:5793:5)
#456    Element.inflateWidget (package:flutter/src/widgets/framework.dart:4587:20)
#457    Element.updateChild (package:flutter/src/widgets/framework.dart:4059:18)
#458    ComponentElement.performRebuild (package:flutter/src/widgets/framework.dart:5841:16)
#459    Element.rebuild (package:flutter/src/widgets/framework.dart:5529:7)
#460    ComponentElement._firstBuild (package:flutter/src/widgets/framework.dart:5799:5)
#461    ComponentElement.mount (package:flutter/src/widgets/framework.dart:5793:5)
#462    Element.inflateWidget (package:flutter/src/widgets/framework.dart:4587:20)
#463    Element.updateChild (package:flutter/src/widgets/framework.dart:4059:18)
#464    ComponentElement.performRebuild (package:flutter/src/widgets/framework.dart:5841:16)
#465    StatefulElement.performRebuild (package:flutter/src/widgets/framework.dart:5982:11)
#466    Element.rebuild (package:flutter/src/widgets/framework.dart:5529:7)
#467    ComponentElement._firstBuild (package:flutter/src/widgets/framework.dart:5799:5)
#468    StatefulElement._firstBuild (package:flutter/src/widgets/framework.dart:5973:11)
#469    ComponentElement.mount (package:flutter/src/widgets/framework.dart:5793:5)
#470    Element.inflateWidget (package:flutter/src/widgets/framework.dart:4587:20)
#471    Element.updateChild (package:flutter/src/widgets/framework.dart:4059:18)
#472    ComponentElement.performRebuild (package:flutter/src/widgets/framework.dart:5841:16)
#473    StatefulElement.performRebuild (package:flutter/src/widgets/framework.dart:5982:11)
#474    Element.rebuild (package:flutter/src/widgets/framework.dart:5529:7)
#475    ComponentElement._firstBuild (package:flutter/src/widgets/framework.dart:5799:5)
#476    StatefulElement._firstBuild (package:flutter/src/widgets/framework.dart:5973:11)
#477    ComponentElement.mount (package:flutter/src/widgets/framework.dart:5793:5)
#478    Element.inflateWidget (package:flutter/src/widgets/framework.dart:4587:20)
#479    Element.updateChild (package:flutter/src/widgets/framework.dart:4059:18)
#480    SingleChildRenderObjectElement.mount (package:flutter/src/widgets/framework.dart:7115:14)
#481    Element.inflateWidget (package:flutter/src/widgets/framework.dart:4587:20)
#482    Element.updateChild (package:flutter/src/widgets/framework.dart:4059:18)
#483    SingleChildRenderObjectElement.mount (package:flutter/src/widgets/framework.dart:7115:14)
#484    Element.inflateWidget (package:flutter/src/widgets/framework.dart:4587:20)
#485    Element.updateChild (package:flutter/src/widgets/framework.dart:4059:18)
#486    ComponentElement.performRebuild (package:flutter/src/widgets/framework.dart:5841:16)
#487    Element.rebuild (package:flutter/src/widgets/framework.dart:5529:7)
#488    ComponentElement._firstBuild (package:flutter/src/widgets/framework.dart:5799:5)
#489    ComponentElement.mount (package:flutter/src/widgets/framework.dart:5793:5)
#490    Element.inflateWidget (package:flutter/src/widgets/framework.dart:4587:20)
#491    Element.updateChild (package:flutter/src/widgets/framework.dart:4059:18)
#492    ComponentElement.performRebuild (package:flutter/src/widgets/framework.dart:5841:16)
#493    Element.rebuild (package:flutter/src/widgets/framework.dart:5529:7)
#494    ComponentElement._firstBuild (package:flutter/src/widgets/framework.dart:5799:5)
#495    ComponentElement.mount (package:flutter/src/widgets/framework.dart:5793:5)
#496    Element.inflateWidget (package:flutter/src/widgets/framework.dart:4587:20)
#497    Element.updateChild (package:flutter/src/widgets/framework.dart:4059:18)
#498    ComponentElement.performRebuild (package:flutter/src/widgets/framework.dart:5841:16)
#499    StatefulElement.performRebuild (package:flutter/src/widgets/framework.dart:5982:11)
#500    Element.rebuild (package:flutter/src/widgets/framework.dart:5529:7)
#501    ComponentElement._firstBuild (package:flutter/src/widgets/framework.dart:5799:5)
#502    StatefulElement._firstBuild (package:flutter/src/widgets/framework.dart:5973:11)
#503    ComponentElement.mount (package:flutter/src/widgets/framework.dart:5793:5)
#504    Element.inflateWidget (package:flutter/src/widgets/framework.dart:4587:20)
#505    Element.updateChild (package:flutter/src/widgets/framework.dart:4059:18)
#506    ComponentElement.performRebuild (package:flutter/src/widgets/framework.dart:5841:16)
#507    Element.rebuild (package:flutter/src/widgets/framework.dart:5529:7)
#508    ComponentElement._firstBuild (package:flutter/src/widgets/framework.dart:5799:5)
#509    ComponentElement.mount (package:flutter/src/widgets/framework.dart:5793:5)
#510    Element.inflateWidget (package:flutter/src/widgets/framework.dart:4587:20)
#511    Element.updateChild (package:flutter/src/widgets/framework.dart:4059:18)
#512    SingleChildRenderObjectElement.mount (package:flutter/src/widgets/framework.dart:7115:14)
#513    Element.inflateWidget (package:flutter/src/widgets/framework.dart:4587:20)
#514    Element.updateChild (package:flutter/src/widgets/framework.dart:4059:18)
#515    ComponentElement.performRebuild (package:flutter/src/widgets/framework.dart:5841:16)
#516    StatefulElement.performRebuild (package:flutter/src/widgets/framework.dart:5982:11)
#517    Element.rebuild (package:flutter/src/widgets/framework.dart:5529:7)
#518    ComponentElement._firstBuild (package:flutter/src/widgets/framework.dart:5799:5)
#519    StatefulElement._firstBuild (package:flutter/src/widgets/framework.dart:5973:11)
#520    ComponentElement.mount (package:flutter/src/widgets/framework.dart:5793:5)
#521    Element.inflateWidget (package:flutter/src/widgets/framework.dart:4587:20)
#522    Element.updateChild (package:flutter/src/widgets/framework.dart:4059:18)
#523    ComponentElement.performRebuild (package:flutter/src/widgets/framework.dart:5841:16)
#524    Element.rebuild (package:flutter/src/widgets/framework.dart:5529:7)
#525    ComponentElement._firstBuild (package:flutter/src/widgets/framework.dart:5799:5)
#526    ComponentElement.mount (package:flutter/src/widgets/framework.dart:5793:5)
#527    Element.inflateWidget (package:flutter/src/widgets/framework.dart:4587:20)
#528    Element.updateChild (package:flutter/src/widgets/framework.dart:4059:18)
#529    ComponentElement.performRebuild (package:flutter/src/widgets/framework.dart:5841:16)
#530    Element.rebuild (package:flutter/src/widgets/framework.dart:5529:7)
#531    ComponentElement._firstBuild (package:flutter/src/widgets/framework.dart:5799:5)
#532    ComponentElement.mount (package:flutter/src/widgets/framework.dart:5793:5)
#533    Element.inflateWidget (package:flutter/src/widgets/framework.dart:4587:20)
#534    Element.updateChild (package:flutter/src/widgets/framework.dart:4059:18)
#535    ComponentElement.performRebuild (package:flutter/src/widgets/framework.dart:5841:16)
#536    StatefulElement.performRebuild (package:flutter/src/widgets/framework.dart:5982:11)
#537    Element.rebuild (package:flutter/src/widgets/framework.dart:5529:7)
#538    ComponentElement._firstBuild (package:flutter/src/widgets/framework.dart:5799:5)
#539    StatefulElement._firstBuild (package:flutter/src/widgets/framework.dart:5973:11)
#540    ComponentElement.mount (package:flutter/src/widgets/framework.dart:5793:5)
#541    Element.inflateWidget (package:flutter/src/widgets/framework.dart:4587:20)
#542    Element.updateChild (package:flutter/src/widgets/framework.dart:4059:18)
#543    ComponentElement.performRebuild (package:flutter/src/widgets/framework.dart:5841:16)
#544    Element.rebuild (package:flutter/src/widgets/framework.dart:5529:7)
#545    ComponentElement._firstBuild (package:flutter/src/widgets/framework.dart:5799:5)
#546    ComponentElement.mount (package:flutter/src/widgets/framework.dart:5793:5)
#547    Element.inflateWidget (package:flutter/src/widgets/framework.dart:4587:20)
#548    Element.updateChild (package:flutter/src/widgets/framework.dart:4059:18)
#549    ComponentElement.performRebuild (package:flutter/src/widgets/framework.dart:5841:16)
#550    Element.rebuild (package:flutter/src/widgets/framework.dart:5529:7)
#551    ComponentElement._firstBuild (package:flutter/src/widgets/framework.dart:5799:5)
#552    ComponentElement.mount (package:flutter/src/widgets/framework.dart:5793:5)
#553    Element.inflateWidget (package:flutter/src/widgets/framework.dart:4587:20)
#554    Element.updateChild (package:flutter/src/widgets/framework.dart:4059:18)
#555    ComponentElement.performRebuild (package:flutter/src/widgets/framework.dart:5841:16)
#556    Element.rebuild (package:flutter/src/widgets/framework.dart:5529:7)
#557    ComponentElement._firstBuild (package:flutter/src/widgets/framework.dart:5799:5)
#558    ComponentElement.mount (package:flutter/src/widgets/framework.dart:5793:5)
#559    Element.inflateWidget (package:flutter/src/widgets/framework.dart:4587:20)
#560    Element.updateChild (package:flutter/src/widgets/framework.dart:4059:18)
#561    ComponentElement.performRebuild (package:flutter/src/widgets/framework.dart:5841:16)
#562    Element.rebuild (package:flutter/src/widgets/framework.dart:5529:7)
#563    ComponentElement._firstBuild (package:flutter/src/widgets/framework.dart:5799:5)
#564    ComponentElement.mount (package:flutter/src/widgets/framework.dart:5793:5)
#565    Element.inflateWidget (package:flutter/src/widgets/framework.dart:4587:20)
#566    Element.updateChild (package:flutter/src/widgets/framework.dart:4059:18)
#567    ComponentElement.performRebuild (package:flutter/src/widgets/framework.dart:5841:16)
#568    Element.rebuild (package:flutter/src/widgets/framework.dart:5529:7)
#569    ComponentElement._firstBuild (package:flutter/src/widgets/framework.dart:5799:5)
#570    ComponentElement.mount (package:flutter/src/widgets/framework.dart:5793:5)
#571    Element.inflateWidget (package:flutter/src/widgets/framework.dart:4587:20)
#572    Element.updateChild (package:flutter/src/widgets/framework.dart:4059:18)
#573    ComponentElement.performRebuild (package:flutter/src/widgets/framework.dart:5841:16)
#574    Element.rebuild (package:flutter/src/widgets/framework.dart:5529:7)
#575    ComponentElement._firstBuild (package:flutter/src/widgets/framework.dart:5799:5)
#576    ComponentElement.mount (package:flutter/src/widgets/framework.dart:5793:5)
#577    Element.inflateWidget (package:flutter/src/widgets/framework.dart:4587:20)
#578    Element.updateChild (package:flutter/src/widgets/framework.dart:4059:18)
#579    ComponentElement.performRebuild (package:flutter/src/widgets/framework.dart:5841:16)
#580    Element.rebuild (package:flutter/src/widgets/framework.dart:5529:7)
#581    ComponentElement._firstBuild (package:flutter/src/widgets/framework.dart:5799:5)
#582    ComponentElement.mount (package:flutter/src/widgets/framework.dart:5793:5)
#583    Element.inflateWidget (package:flutter/src/widgets/framework.dart:4587:20)
#584    Element.updateChild (package:flutter/src/widgets/framework.dart:4059:18)
#585    ComponentElement.performRebuild (package:flutter/src/widgets/framework.dart:5841:16)
#586    StatefulElement.performRebuild (package:flutter/src/widgets/framework.dart:5982:11)
#587    Element.rebuild (package:flutter/src/widgets/framework.dart:5529:7)
#588    ComponentElement._firstBuild (package:flutter/src/widgets/framework.dart:5799:5)
#589    StatefulElement._firstBuild (package:flutter/src/widgets/framework.dart:5973:11)
#590    ComponentElement.mount (package:flutter/src/widgets/framework.dart:5793:5)
#591    Element.inflateWidget (package:flutter/src/widgets/framework.dart:4587:20)
#592    Element.updateChild (package:flutter/src/widgets/framework.dart:4059:18)
#593    ComponentElement.performRebuild (package:flutter/src/widgets/framework.dart:5841:16)
#594    Element.rebuild (package:flutter/src/widgets/framework.dart:5529:7)
#595    ComponentElement._firstBuild (package:flutter/src/widgets/framework.dart:5799:5)
#596    ComponentElement.mount (package:flutter/src/widgets/framework.dart:5793:5)
#597    Element.inflateWidget (package:flutter/src/widgets/framework.dart:4587:20)
#598    Element.updateChild (package:flutter/src/widgets/framework.dart:4059:18)
#599    ComponentElement.performRebuild (package:flutter/src/widgets/framework.dart:5841:16)
#600    Element.rebuild (package:flutter/src/widgets/framework.dart:5529:7)
#601    ComponentElement._firstBuild (package:flutter/src/widgets/framework.dart:5799:5)
#602    ComponentElement.mount (package:flutter/src/widgets/framework.dart:5793:5)
#603    Element.inflateWidget (package:flutter/src/widgets/framework.dart:4587:20)
#604    Element.updateChild (package:flutter/src/widgets/framework.dart:4059:18)
#605    ComponentElement.performRebuild (package:flutter/src/widgets/framework.dart:5841:16)
#606    StatefulElement.performRebuild (package:flutter/src/widgets/framework.dart:5982:11)
#607    Element.rebuild (package:flutter/src/widgets/framework.dart:5529:7)
#608    ComponentElement._firstBuild (package:flutter/src/widgets/framework.dart:5799:5)
#609    StatefulElement._firstBuild (package:flutter/src/widgets/framework.dart:5973:11)
#610    ComponentElement.mount (package:flutter/src/widgets/framework.dart:5793:5)
#611    Element.inflateWidget (package:flutter/src/widgets/framework.dart:4587:20)
#612    Element.updateChild (package:flutter/src/widgets/framework.dart:4059:18)
#613    SingleChildRenderObjectElement.mount (package:flutter/src/widgets/framework.dart:7115:14)
#614    Element.inflateWidget (package:flutter/src/widgets/framework.dart:4587:20)
#615    Element.updateChild (package:flutter/src/widgets/framework.dart:4059:18)
#616    ComponentElement.performRebuild (package:flutter/src/widgets/framework.dart:5841:16)
#617    StatefulElement.performRebuild (package:flutter/src/widgets/framework.dart:5982:11)
#618    Element.rebuild (package:flutter/src/widgets/framework.dart:5529:7)
#619    ComponentElement._firstBuild (package:flutter/src/widgets/framework.dart:5799:5)
#620    StatefulElement._firstBuild (package:flutter/src/widgets/framework.dart:5973:11)
#621    ComponentElement.mount (package:flutter/src/widgets/framework.dart:5793:5)
#622    Element.inflateWidget (package:flutter/src/widgets/framework.dart:4587:20)
#623    Element.updateChild (package:flutter/src/widgets/framework.dart:4059:18)
#624    ComponentElement.performRebuild (package:flutter/src/widgets/framework.dart:5841:16)
#625    Element.rebuild (package:flutter/src/widgets/framework.dart:5529:7)
#626    ComponentElement._firstBuild (package:flutter/src/widgets/framework.dart:5799:5)
#627    ComponentElement.mount (package:flutter/src/widgets/framework.dart:5793:5)
#628    Element.inflateWidget (package:flutter/src/widgets/framework.dart:4587:20)
#629    Element.updateChild (package:flutter/src/widgets/framework.dart:4059:18)
#630    SingleChildRenderObjectElement.mount (package:flutter/src/widgets/framework.dart:7115:14)
#631    Element.inflateWidget (package:flutter/src/widgets/framework.dart:4587:20)
#632    Element.updateChild (package:flutter/src/widgets/framework.dart:4059:18)
#633    ComponentElement.performRebuild (package:flutter/src/widgets/framework.dart:5841:16)
#634    Element.rebuild (package:flutter/src/widgets/framework.dart:5529:7)
#635    ComponentElement._firstBuild (package:flutter/src/widgets/framework.dart:5799:5)
#636    ComponentElement.mount (package:flutter/src/widgets/framework.dart:5793:5)
#637    Element.inflateWidget (package:flutter/src/widgets/framework.dart:4587:20)
#638    Element.updateChild (package:flutter/src/widgets/framework.dart:4059:18)
#639    ComponentElement.performRebuild (package:flutter/src/widgets/framework.dart:5841:16)
#640    StatefulElement.performRebuild (package:flutter/src/widgets/framework.dart:5982:11)
#641    Element.rebuild (package:flutter/src/widgets/framework.dart:5529:7)
#642    ComponentElement._firstBuild (package:flutter/src/widgets/framework.dart:5799:5)
#643    StatefulElement._firstBuild (package:flutter/src/widgets/framework.dart:5973:11)
#644    ComponentElement.mount (package:flutter/src/widgets/framework.dart:5793:5)
#645    Element.inflateWidget (package:flutter/src/widgets/framework.dart:4587:20)
#646    Element.updateChild (package:flutter/src/widgets/framework.dart:4059:18)
#647    ComponentElement.performRebuild (package:flutter/src/widgets/framework.dart:5841:16)
#648    StatefulElement.performRebuild (package:flutter/src/widgets/framework.dart:5982:11)
#649    Element.rebuild (package:flutter/src/widgets/framework.dart:5529:7)
#650    ComponentElement._firstBuild (package:flutter/src/widgets/framework.dart:5799:5)
#651    StatefulElement._firstBuild (package:flutter/src/widgets/framework.dart:5973:11)
#652    ComponentElement.mount (package:flutter/src/widgets/framework.dart:5793:5)
#653    Element.inflateWidget (package:flutter/src/widgets/framework.dart:4587:20)
#654    Element.updateChild (package:flutter/src/widgets/framework.dart:4059:18)
#655    ComponentElement.performRebuild (package:flutter/src/widgets/framework.dart:5841:16)
#656    Element.rebuild (package:flutter/src/widgets/framework.dart:5529:7)
#657    ComponentElement._firstBuild (package:flutter/src/widgets/framework.dart:5799:5)
#658    ComponentElement.mount (package:flutter/src/widgets/framework.dart:5793:5)
#659    Element.inflateWidget (package:flutter/src/widgets/framework.dart:4587:20)
#660    Element.updateChild (package:flutter/src/widgets/framework.dart:4059:18)
#661    ComponentElement.performRebuild (package:flutter/src/widgets/framework.dart:5841:16)
#662    Element.rebuild (package:flutter/src/widgets/framework.dart:5529:7)
#663    ComponentElement._firstBuild (package:flutter/src/widgets/framework.dart:5799:5)
#664    ComponentElement.mount (package:flutter/src/widgets/framework.dart:5793:5)
#665    Element.inflateWidget (package:flutter/src/widgets/framework.dart:4587:20)
#666    Element.updateChild (package:flutter/src/widgets/framework.dart:4059:18)
#667    SingleChildRenderObjectElement.mount (package:flutter/src/widgets/framework.dart:7115:14)
#668    Element.inflateWidget (package:flutter/src/widgets/framework.dart:4587:20)
#669    Element.updateChild (package:flutter/src/widgets/framework.dart:4059:18)
#670    ComponentElement.performRebuild (package:flutter/src/widgets/framework.dart:5841:16)
#671    StatefulElement.performRebuild (package:flutter/src/widgets/framework.dart:5982:11)
#672    Element.rebuild (package:flutter/src/widgets/framework.dart:5529:7)
#673    ComponentElement._firstBuild (package:flutter/src/widgets/framework.dart:5799:5)
#674    StatefulElement._firstBuild (package:flutter/src/widgets/framework.dart:5973:11)
#675    ComponentElement.mount (package:flutter/src/widgets/framework.dart:5793:5)
#676    Element.inflateWidget (package:flutter/src/widgets/framework.dart:4587:20)
#677    Element.updateChild (package:flutter/src/widgets/framework.dart:4059:18)
#678    ComponentElement.performRebuild (package:flutter/src/widgets/framework.dart:5841:16)
#679    StatefulElement.performRebuild (package:flutter/src/widgets/framework.dart:5982:11)
#680    Element.rebuild (package:flutter/src/widgets/framework.dart:5529:7)
#681    ComponentElement._firstBuild (package:flutter/src/widgets/framework.dart:5799:5)
#682    StatefulElement._firstBuild (package:flutter/src/widgets/framework.dart:5973:11)
#683    ComponentElement.mount (package:flutter/src/widgets/framework.dart:5793:5)
#684    Element.inflateWidget (package:flutter/src/widgets/framework.dart:4587:20)
#685    Element.updateChild (package:flutter/src/widgets/framework.dart:4059:18)
#686    SingleChildRenderObjectElement.mount (package:flutter/src/widgets/framework.dart:7115:14)
#687    Element.inflateWidget (package:flutter/src/widgets/framework.dart:4587:20)
#688    Element.updateChild (package:flutter/src/widgets/framework.dart:4059:18)
#689    ComponentElement.performRebuild (package:flutter/src/widgets/framework.dart:5841:16)
#690    Element.rebuild (package:flutter/src/widgets/framework.dart:5529:7)
#691    ComponentElement._firstBuild (package:flutter/src/widgets/framework.dart:5799:5)
#692    ComponentElement.mount (package:flutter/src/widgets/framework.dart:5793:5)
#693    Element.inflateWidget (package:flutter/src/widgets/framework.dart:4587:20)
#694    Element.updateChild (package:flutter/src/widgets/framework.dart:4059:18)
#695    ComponentElement.performRebuild (package:flutter/src/widgets/framework.dart:5841:16)
#696    StatefulElement.performRebuild (package:flutter/src/widgets/framework.dart:5982:11)
#697    Element.rebuild (package:flutter/src/widgets/framework.dart:5529:7)
#698    ComponentElement._firstBuild (package:flutter/src/widgets/framework.dart:5799:5)
#699    StatefulElement._firstBuild (package:flutter/src/widgets/framework.dart:5973:11)
#700    ComponentElement.mount (package:flutter/src/widgets/framework.dart:5793:5)
#701    Element.inflateWidget (package:flutter/src/widgets/framework.dart:4587:20)
#702    Element.updateChild (package:flutter/src/widgets/framework.dart:4059:18)
#703    ComponentElement.performRebuild (package:flutter/src/widgets/framework.dart:5841:16)
#704    StatefulElement.performRebuild (package:flutter/src/widgets/framework.dart:5982:11)
#705    Element.rebuild (package:flutter/src/widgets/framework.dart:5529:7)
#706    ComponentElement._firstBuild (package:flutter/src/widgets/framework.dart:5799:5)
#707    StatefulElement._firstBuild (package:flutter/src/widgets/framework.dart:5973:11)
#708    ComponentElement.mount (package:flutter/src/widgets/framework.dart:5793:5)
#709    Element.inflateWidget (package:flutter/src/widgets/framework.dart:4587:20)
#710    Element.updateChild (package:flutter/src/widgets/framework.dart:4059:18)
#711    ComponentElement.performRebuild (package:flutter/src/widgets/framework.dart:5841:16)
#712    Element.rebuild (package:flutter/src/widgets/framework.dart:5529:7)
#713    ComponentElement._firstBuild (package:flutter/src/widgets/framework.dart:5799:5)
#714    ComponentElement.mount (package:flutter/src/widgets/framework.dart:5793:5)
#715    Element.inflateWidget (package:flutter/src/widgets/framework.dart:4587:20)
#716    Element.updateChild (package:flutter/src/widgets/framework.dart:4059:18)
#717    ComponentElement.performRebuild (package:flutter/src/widgets/framework.dart:5841:16)
#718    StatefulElement.performRebuild (package:flutter/src/widgets/framework.dart:5982:11)
#719    Element.rebuild (package:flutter/src/widgets/framework.dart:5529:7)
#720    ComponentElement._firstBuild (package:flutter/src/widgets/framework.dart:5799:5)
#721    StatefulElement._firstBuild (package:flutter/src/widgets/framework.dart:5973:11)
#722    ComponentElement.mount (package:flutter/src/widgets/framework.dart:5793:5)
#723    Element.inflateWidget (package:flutter/src/widgets/framework.dart:4587:20)
#724    Element.updateChild (package:flutter/src/widgets/framework.dart:4059:18)
#725    SingleChildRenderObjectElement.mount (package:flutter/src/widgets/framework.dart:7115:14)
#726    Element.inflateWidget (package:flutter/src/widgets/framework.dart:4587:20)
#727    Element.updateChild (package:flutter/src/widgets/framework.dart:4059:18)
#728    ComponentElement.performRebuild (package:flutter/src/widgets/framework.dart:5841:16)
#729    Element.rebuild (package:flutter/src/widgets/framework.dart:5529:7)
#730    ComponentElement._firstBuild (package:flutter/src/widgets/framework.dart:5799:5)
#731    ComponentElement.mount (package:flutter/src/widgets/framework.dart:5793:5)
#732    Element.inflateWidget (package:flutter/src/widgets/framework.dart:4587:20)
#733    Element.updateChild (package:flutter/src/widgets/framework.dart:4059:18)
#734    ComponentElement.performRebuild (package:flutter/src/widgets/framework.dart:5841:16)
#735    StatefulElement.performRebuild (package:flutter/src/widgets/framework.dart:5982:11)
#736    Element.rebuild (package:flutter/src/widgets/framework.dart:5529:7)
#737    ComponentElement._firstBuild (package:flutter/src/widgets/framework.dart:5799:5)
#738    StatefulElement._firstBuild (package:flutter/src/widgets/framework.dart:5973:11)
#739    ComponentElement.mount (package:flutter/src/widgets/framework.dart:5793:5)
#740    Element.inflateWidget (package:flutter/src/widgets/framework.dart:4587:20)
#741    Element.updateChild (package:flutter/src/widgets/framework.dart:4059:18)
#742    ComponentElement.performRebuild (package:flutter/src/widgets/framework.dart:5841:16)
#743    StatefulElement.performRebuild (package:flutter/src/widgets/framework.dart:5982:11)
#744    Element.rebuild (package:flutter/src/widgets/framework.dart:5529:7)
#745    ComponentElement._firstBuild (package:flutter/src/widgets/framework.dart:5799:5)
#746    StatefulElement._firstBuild (package:flutter/src/widgets/framework.dart:5973:11)
#747    ComponentElement.mount (package:flutter/src/widgets/framework.dart:5793:5)
#748    Element.inflateWidget (package:flutter/src/widgets/framework.dart:4587:20)
#749    Element.updateChild (package:flutter/src/widgets/framework.dart:4059:18)
#750    ComponentElement.performRebuild (package:flutter/src/widgets/framework.dart:5841:16)
#751    Element.rebuild (package:flutter/src/widgets/framework.dart:5529:7)
#752    ComponentElement._firstBuild (package:flutter/src/widgets/framework.dart:5799:5)
#753    ComponentElement.mount (package:flutter/src/widgets/framework.dart:5793:5)
#754    Element.inflateWidget (package:flutter/src/widgets/framework.dart:4587:20)
#755    Element.updateChild (package:flutter/src/widgets/framework.dart:4059:18)
#756    ComponentElement.performRebuild (package:flutter/src/widgets/framework.dart:5841:16)
#757    StatefulElement.performRebuild (package:flutter/src/widgets/framework.dart:5982:11)
#758    Element.rebuild (package:flutter/src/widgets/framework.dart:5529:7)
#759    ComponentElement._firstBuild (package:flutter/src/widgets/framework.dart:5799:5)
#760    StatefulElement._firstBuild (package:flutter/src/widgets/framework.dart:5973:11)
#761    ComponentElement.mount (package:flutter/src/widgets/framework.dart:5793:5)
#762    Element.inflateWidget (package:flutter/src/widgets/framework.dart:4587:20)
#763    Element.updateChild (package:flutter/src/widgets/framework.dart:4059:18)
#764    SingleChildRenderObjectElement.mount (package:flutter/src/widgets/framework.dart:7115:14)
#765    Element.inflateWidget (package:flutter/src/widgets/framework.dart:4587:20)
#766    Element.updateChild (package:flutter/src/widgets/framework.dart:4059:18)
#767    ComponentElement.performRebuild (package:flutter/src/widgets/framework.dart:5841:16)
#768    Element.rebuild (package:flutter/src/widgets/framework.dart:5529:7)
#769    ComponentElement._firstBuild (package:flutter/src/widgets/framework.dart:5799:5)
#770    ComponentElement.mount (package:flutter/src/widgets/framework.dart:5793:5)
#771    Element.inflateWidget (package:flutter/src/widgets/framework.dart:4587:20)
#772    Element.updateChild (package:flutter/src/widgets/framework.dart:4059:18)
#773    ComponentElement.performRebuild (package:flutter/src/widgets/framework.dart:5841:16)
#774    StatefulElement.performRebuild (package:flutter/src/widgets/framework.dart:5982:11)
#775    Element.rebuild (package:flutter/src/widgets/framework.dart:5529:7)
#776    ComponentElement._firstBuild (package:flutter/src/widgets/framework.dart:5799:5)
#777    StatefulElement._firstBuild (package:flutter/src/widgets/framework.dart:5973:11)
#778    ComponentElement.mount (package:flutter/src/widgets/framework.dart:5793:5)
#779    Element.inflateWidget (package:flutter/src/widgets/framework.dart:4587:20)
#780    Element.updateChild (package:flutter/src/widgets/framework.dart:4059:18)
#781    ComponentElement.performRebuild (package:flutter/src/widgets/framework.dart:5841:16)
#782    StatefulElement.performRebuild (package:flutter/src/widgets/framework.dart:5982:11)
#783    Element.rebuild (package:flutter/src/widgets/framework.dart:5529:7)
#784    ComponentElement._firstBuild (package:flutter/src/widgets/framework.dart:5799:5)
#785    StatefulElement._firstBuild (package:flutter/src/widgets/framework.dart:5973:11)
#786    ComponentElement.mount (package:flutter/src/widgets/framework.dart:5793:5)
#787    Element.inflateWidget (package:flutter/src/widgets/framework.dart:4587:20)
#788    Element.updateChild (package:flutter/src/widgets/framework.dart:4059:18)
#789    ComponentElement.performRebuild (package:flutter/src/widgets/framework.dart:5841:16)
#790    Element.rebuild (package:flutter/src/widgets/framework.dart:5529:7)
#791    ComponentElement._firstBuild (package:flutter/src/widgets/framework.dart:5799:5)
#792    ComponentElement.mount (package:flutter/src/widgets/framework.dart:5793:5)
#793    Element.inflateWidget (package:flutter/src/widgets/framework.dart:4587:20)
#794    Element.updateChild (package:flutter/src/widgets/framework.dart:4059:18)
#795    SingleChildRenderObjectElement.mount (package:flutter/src/widgets/framework.dart:7115:14)
#796    Element.inflateWidget (package:flutter/src/widgets/framework.dart:4587:20)
#797    Element.updateChild (package:flutter/src/widgets/framework.dart:4059:18)
#798    ComponentElement.performRebuild (package:flutter/src/widgets/framework.dart:5841:16)
#799    Element.rebuild (package:flutter/src/widgets/framework.dart:5529:7)
#800    ComponentElement._firstBuild (package:flutter/src/widgets/framework.dart:5799:5)
#801    ComponentElement.mount (package:flutter/src/widgets/framework.dart:5793:5)
#802    Element.inflateWidget (package:flutter/src/widgets/framework.dart:4587:20)
#803    Element.updateChild (package:flutter/src/widgets/framework.dart:4059:18)
#804    ComponentElement.performRebuild (package:flutter/src/widgets/framework.dart:5841:16)
#805    StatefulElement.performRebuild (package:flutter/src/widgets/framework.dart:5982:11)
#806    Element.rebuild (package:flutter/src/widgets/framework.dart:5529:7)
#807    ComponentElement._firstBuild (package:flutter/src/widgets/framework.dart:5799:5)
#808    StatefulElement._firstBuild (package:flutter/src/widgets/framework.dart:5973:11)
#809    ComponentElement.mount (package:flutter/src/widgets/framework.dart:5793:5)
#810    Element.inflateWidget (package:flutter/src/widgets/framework.dart:4587:20)
#811    Element.updateChild (package:flutter/src/widgets/framework.dart:4059:18)
#812    ComponentElement.performRebuild (package:flutter/src/widgets/framework.dart:5841:16)
#813    StatefulElement.performRebuild (package:flutter/src/widgets/framework.dart:5982:11)
#814    Element.rebuild (package:flutter/src/widgets/framework.dart:5529:7)
#815    ComponentElement._firstBuild (package:flutter/src/widgets/framework.dart:5799:5)
#816    StatefulElement._firstBuild (package:flutter/src/widgets/framework.dart:5973:11)
#817    ComponentElement.mount (package:flutter/src/widgets/framework.dart:5793:5)
#818    Element.inflateWidget (package:flutter/src/widgets/framework.dart:4587:20)
#819    Element.updateChild (package:flutter/src/widgets/framework.dart:4059:18)
#820    ComponentElement.performRebuild (package:flutter/src/widgets/framework.dart:5841:16)
#821    Element.rebuild (package:flutter/src/widgets/framework.dart:5529:7)
#822    ComponentElement._firstBuild (package:flutter/src/widgets/framework.dart:5799:5)
#823    ComponentElement.mount (package:flutter/src/widgets/framework.dart:5793:5)
#824    Element.inflateWidget (package:flutter/src/widgets/framework.dart:4587:20)
#825    Element.updateChild (package:flutter/src/widgets/framework.dart:4059:18)
#826    ComponentElement.performRebuild (package:flutter/src/widgets/framework.dart:5841:16)
#827    Element.rebuild (package:flutter/src/widgets/framework.dart:5529:7)
#828    ComponentElement._firstBuild (package:flutter/src/widgets/framework.dart:5799:5)
#829    ComponentElement.mount (package:flutter/src/widgets/framework.dart:5793:5)
#830    Element.inflateWidget (package:flutter/src/widgets/framework.dart:4587:20)
#831    Element.updateChild (package:flutter/src/widgets/framework.dart:4059:18)
#832    ComponentElement.performRebuild (package:flutter/src/widgets/framework.dart:5841:16)
#833    StatefulElement.performRebuild (package:flutter/src/widgets/framework.dart:5982:11)
#834    Element.rebuild (package:flutter/src/widgets/framework.dart:5529:7)
#835    ComponentElement._firstBuild (package:flutter/src/widgets/framework.dart:5799:5)
#836    StatefulElement._firstBuild (package:flutter/src/widgets/framework.dart:5973:11)
#837    ComponentElement.mount (package:flutter/src/widgets/framework.dart:5793:5)
#838    Element.inflateWidget (package:flutter/src/widgets/framework.dart:4587:20)
#839    Element.updateChild (package:flutter/src/widgets/framework.dart:4059:18)
#840    ComponentElement.performRebuild (package:flutter/src/widgets/framework.dart:5841:16)
#841    Element.rebuild (package:flutter/src/widgets/framework.dart:5529:7)
#842    ComponentElement._firstBuild (package:flutter/src/widgets/framework.dart:5799:5)
#843    ComponentElement.mount (package:flutter/src/widgets/framework.dart:5793:5)
#844    Element.inflateWidget (package:flutter/src/widgets/framework.dart:4587:20)
#845    Element.updateChild (package:flutter/src/widgets/framework.dart:4059:18)
#846    ComponentElement.performRebuild (package:flutter/src/widgets/framework.dart:5841:16)
#847    StatefulElement.performRebuild (package:flutter/src/widgets/framework.dart:5982:11)
#848    Element.rebuild (package:flutter/src/widgets/framework.dart:5529:7)
#849    ComponentElement._firstBuild (package:flutter/src/widgets/framework.dart:5799:5)
#850    StatefulElement._firstBuild (package:flutter/src/widgets/framework.dart:5973:11)
#851    ComponentElement.mount (package:flutter/src/widgets/framework.dart:5793:5)
#852    Element.inflateWidget (package:flutter/src/widgets/framework.dart:4587:20)
#853    Element.updateChild (package:flutter/src/widgets/framework.dart:4059:18)
#854    ComponentElement.performRebuild (package:flutter/src/widgets/framework.dart:5841:16)
#855    Element.rebuild (package:flutter/src/widgets/framework.dart:5529:7)
#856    ComponentElement._firstBuild (package:flutter/src/widgets/framework.dart:5799:5)
#857    ComponentElement.mount (package:flutter/src/widgets/framework.dart:5793:5)
#858    Element.inflateWidget (package:flutter/src/widgets/framework.dart:4587:20)
#859    Element.updateChild (package:flutter/src/widgets/framework.dart:4059:18)
#860    ComponentElement.performRebuild (package:flutter/src/widgets/framework.dart:5841:16)
#861    StatefulElement.performRebuild (package:flutter/src/widgets/framework.dart:5982:11)
#862    Element.rebuild (package:flutter/src/widgets/framework.dart:5529:7)
#863    ComponentElement._firstBuild (package:flutter/src/widgets/framework.dart:5799:5)
#864    StatefulElement._firstBuild (package:flutter/src/widgets/framework.dart:5973:11)
#865    ComponentElement.mount (package:flutter/src/widgets/framework.dart:5793:5)
#866    Element.inflateWidget (package:flutter/src/widgets/framework.dart:4587:20)
#867    Element.updateChild (package:flutter/src/widgets/framework.dart:4059:18)
#868    ComponentElement.performRebuild (package:flutter/src/widgets/framework.dart:5841:16)
#869    StatefulElement.performRebuild (package:flutter/src/widgets/framework.dart:5982:11)
#870    Element.rebuild (package:flutter/src/widgets/framework.dart:5529:7)
#871    ComponentElement._firstBuild (package:flutter/src/widgets/framework.dart:5799:5)
#872    StatefulElement._firstBuild (package:flutter/src/widgets/framework.dart:5973:11)
#873    ComponentElement.mount (package:flutter/src/widgets/framework.dart:5793:5)
#874    Element.inflateWidget (package:flutter/src/widgets/framework.dart:4587:20)
#875    Element.updateChild (package:flutter/src/widgets/framework.dart:4059:18)
#876    ComponentElement.performRebuild (package:flutter/src/widgets/framework.dart:5841:16)
#877    Element.rebuild (package:flutter/src/widgets/framework.dart:5529:7)
#878    ComponentElement._firstBuild (package:flutter/src/widgets/framework.dart:5799:5)
#879    ComponentElement.mount (package:flutter/src/widgets/framework.dart:5793:5)
#880    Element.inflateWidget (package:flutter/src/widgets/framework.dart:4587:20)
#881    Element.updateChild (package:flutter/src/widgets/framework.dart:4059:18)
#882    ComponentElement.performRebuild (package:flutter/src/widgets/framework.dart:5841:16)
#883    Element.rebuild (package:flutter/src/widgets/framework.dart:5529:7)
#884    ComponentElement._firstBuild (package:flutter/src/widgets/framework.dart:5799:5)
#885    ComponentElement.mount (package:flutter/src/widgets/framework.dart:5793:5)
#886    Element.inflateWidget (package:flutter/src/widgets/framework.dart:4587:20)
#887    Element.updateChild (package:flutter/src/widgets/framework.dart:4059:18)
#888    ComponentElement.performRebuild (package:flutter/src/widgets/framework.dart:5841:16)
#889    StatefulElement.performRebuild (package:flutter/src/widgets/framework.dart:5982:11)
#890    Element.rebuild (package:flutter/src/widgets/framework.dart:5529:7)
#891    ComponentElement._firstBuild (package:flutter/src/widgets/framework.dart:5799:5)
#892    StatefulElement._firstBuild (package:flutter/src/widgets/framework.dart:5973:11)
#893    ComponentElement.mount (package:flutter/src/widgets/framework.dart:5793:5)
#894    Element.inflateWidget (package:flutter/src/widgets/framework.dart:4587:20)
#895    Element.updateChild (package:flutter/src/widgets/framework.dart:4059:18)
#896    ComponentElement.performRebuild (package:flutter/src/widgets/framework.dart:5841:16)
#897    Element.rebuild (package:flutter/src/widgets/framework.dart:5529:7)
#898    ComponentElement._firstBuild (package:flutter/src/widgets/framework.dart:5799:5)
#899    ComponentElement.mount (package:flutter/src/widgets/framework.dart:5793:5)
#900    Element.inflateWidget (package:flutter/src/widgets/framework.dart:4587:20)
#901    Element.updateChild (package:flutter/src/widgets/framework.dart:4059:18)
#902    ComponentElement.performRebuild (package:flutter/src/widgets/framework.dart:5841:16)
#903    StatefulElement.performRebuild (package:flutter/src/widgets/framework.dart:5982:11)
#904    Element.rebuild (package:flutter/src/widgets/framework.dart:5529:7)
#905    ComponentElement._firstBuild (package:flutter/src/widgets/framework.dart:5799:5)
#906    StatefulElement._firstBuild (package:flutter/src/widgets/framework.dart:5973:11)
#907    ComponentElement.mount (package:flutter/src/widgets/framework.dart:5793:5)
#908    Element.inflateWidget (package:flutter/src/widgets/framework.dart:4587:20)
#909    Element.updateChild (package:flutter/src/widgets/framework.dart:4059:18)
#910    ComponentElement.performRebuild (package:flutter/src/widgets/framework.dart:5841:16)
#911    StatefulElement.performRebuild (package:flutter/src/widgets/framework.dart:5982:11)
#912    Element.rebuild (package:flutter/src/widgets/framework.dart:5529:7)
#913    ComponentElement._firstBuild (package:flutter/src/widgets/framework.dart:5799:5)
#914    StatefulElement._firstBuild (package:flutter/src/widgets/framework.dart:5973:11)
#915    ComponentElement.mount (package:flutter/src/widgets/framework.dart:5793:5)
#916    Element.inflateWidget (package:flutter/src/widgets/framework.dart:4587:20)
#917    Element.updateChild (package:flutter/src/widgets/framework.dart:4053:20)
#918    ComponentElement.performRebuild (package:flutter/src/widgets/framework.dart:5841:16)
#919    Element.rebuild (package:flutter/src/widgets/framework.dart:5529:7)
#920    ProxyElement.update (package:flutter/src/widgets/framework.dart:6149:5)
#921    _InheritedNotifierElement.update
(package:flutter/src/widgets/inherited_notifier.dart:108:11)
#922    Element.updateChild (package:flutter/src/widgets/framework.dart:4037:15)
#923    ComponentElement.performRebuild (package:flutter/src/widgets/framework.dart:5841:16)
#924    StatefulElement.performRebuild (package:flutter/src/widgets/framework.dart:5982:11)
#925    Element.rebuild (package:flutter/src/widgets/framework.dart:5529:7)
#926    StatefulElement.update (package:flutter/src/widgets/framework.dart:6007:5)
#927    Element.updateChild (package:flutter/src/widgets/framework.dart:4037:15)
#928    ComponentElement.performRebuild (package:flutter/src/widgets/framework.dart:5841:16)
#929    Element.rebuild (package:flutter/src/widgets/framework.dart:5529:7)
#930    ProxyElement.update (package:flutter/src/widgets/framework.dart:6149:5)
#931    _InheritedNotifierElement.update
(package:flutter/src/widgets/inherited_notifier.dart:108:11)
#932    Element.updateChild (package:flutter/src/widgets/framework.dart:4037:15)
#933    ComponentElement.performRebuild (package:flutter/src/widgets/framework.dart:5841:16)
#934    StatefulElement.performRebuild (package:flutter/src/widgets/framework.dart:5982:11)
#935    Element.rebuild (package:flutter/src/widgets/framework.dart:5529:7)
#936    StatefulElement.update (package:flutter/src/widgets/framework.dart:6007:5)
#937    Element.updateChild (package:flutter/src/widgets/framework.dart:4037:15)
#938    ComponentElement.performRebuild (package:flutter/src/widgets/framework.dart:5841:16)
#939    StatefulElement.performRebuild (package:flutter/src/widgets/framework.dart:5982:11)
#940    Element.rebuild (package:flutter/src/widgets/framework.dart:5529:7)
#941    StatefulElement.update (package:flutter/src/widgets/framework.dart:6007:5)
#942    Element.updateChild (package:flutter/src/widgets/framework.dart:4037:15)
#943    ComponentElement.performRebuild (package:flutter/src/widgets/framework.dart:5841:16)
#944    Element.rebuild (package:flutter/src/widgets/framework.dart:5529:7)
#945    ProxyElement.update (package:flutter/src/widgets/framework.dart:6149:5)
#946    Element.updateChild (package:flutter/src/widgets/framework.dart:4037:15)
#947    ComponentElement.performRebuild (package:flutter/src/widgets/framework.dart:5841:16)
#948    StatefulElement.performRebuild (package:flutter/src/widgets/framework.dart:5982:11)
#949    Element.rebuild (package:flutter/src/widgets/framework.dart:5529:7)
#950    StatefulElement.update (package:flutter/src/widgets/framework.dart:6007:5)
#951    Element.updateChild (package:flutter/src/widgets/framework.dart:4037:15)
#952    ComponentElement.performRebuild (package:flutter/src/widgets/framework.dart:5841:16)
#953    Element.rebuild (package:flutter/src/widgets/framework.dart:5529:7)
#954    ProxyElement.update (package:flutter/src/widgets/framework.dart:6149:5)
#955    Element.updateChild (package:flutter/src/widgets/framework.dart:4037:15)
#956    ComponentElement.performRebuild (package:flutter/src/widgets/framework.dart:5841:16)
#957    Element.rebuild (package:flutter/src/widgets/framework.dart:5529:7)
#958    ProxyElement.update (package:flutter/src/widgets/framework.dart:6149:5)
#959    Element.updateChild (package:flutter/src/widgets/framework.dart:4037:15)
#960    _RawViewElement._updateChild (package:flutter/src/widgets/view.dart:481:16)
#961    _RawViewElement.update (package:flutter/src/widgets/view.dart:568:5)
#962    Element.updateChild (package:flutter/src/widgets/framework.dart:4037:15)
#963    ComponentElement.performRebuild (package:flutter/src/widgets/framework.dart:5841:16)
#964    Element.rebuild (package:flutter/src/widgets/framework.dart:5529:7)
#965    StatelessElement.update (package:flutter/src/widgets/framework.dart:5895:5)
#966    Element.updateChild (package:flutter/src/widgets/framework.dart:4037:15)
#967    ComponentElement.performRebuild (package:flutter/src/widgets/framework.dart:5841:16)
#968    StatefulElement.performRebuild (package:flutter/src/widgets/framework.dart:5982:11)
#969    Element.rebuild (package:flutter/src/widgets/framework.dart:5529:7)
#970    StatefulElement.update (package:flutter/src/widgets/framework.dart:6007:5)
#971    Element.updateChild (package:flutter/src/widgets/framework.dart:4037:15)
#972    RootElement._rebuild (package:flutter/src/widgets/binding.dart:1822:16)
#973    RootElement.update (package:flutter/src/widgets/binding.dart:1800:5)
#974    RootElement.performRebuild (package:flutter/src/widgets/binding.dart:1814:7)
#975    Element.rebuild (package:flutter/src/widgets/framework.dart:5529:7)
#976    BuildScope._tryRebuild (package:flutter/src/widgets/framework.dart:2750:15)
#977    BuildScope._flushDirtyElements (package:flutter/src/widgets/framework.dart:2807:11)
#978    BuildOwner.buildScope (package:flutter/src/widgets/framework.dart:3111:18)
#979    AutomatedTestWidgetsFlutterBinding.drawFrame (package:flutter_test/src/binding.dart:2131:19)
#980    RendererBinding._handlePersistentFrameCallback
(package:flutter/src/rendering/binding.dart:495:5)
#981    SchedulerBinding._invokeFrameCallback (package:flutter/src/scheduler/binding.dart:1430:15)
#982    SchedulerBinding.handleDrawFrame (package:flutter/src/scheduler/binding.dart:1345:9)
#983    AutomatedTestWidgetsFlutterBinding.pump.<anonymous closure>
(package:flutter_test/src/binding.dart:1960:9)
#984    _rootRun (dart:async/zone_root.dart:35:13)
#985    _CustomZone.run (dart:async/zone.dart:726:19)
#986    TestAsyncUtils.guard (package:flutter_test/src/test_async_utils.dart:74:41)
#987    AutomatedTestWidgetsFlutterBinding.pump (package:flutter_test/src/binding.dart:1949:27)
#988    WidgetTester.pumpWidget.<anonymous closure>
(package:flutter_test/src/widget_tester.dart:598:22)
#989    _rootRun (dart:async/zone_root.dart:35:13)
#990    _CustomZone.run (dart:async/zone.dart:726:19)
#991    TestAsyncUtils.guard (package:flutter_test/src/test_async_utils.dart:74:41)
#992    WidgetTester.pumpWidget (package:flutter_test/src/widget_tester.dart:595:27)
#993    main.<anonymous closure>.<anonymous closure>
(file:///Users/ralein/Desktop/project/Unorive/test/trip_tracking_test.dart:219:20)
#994    testWidgets.<anonymous closure>.<anonymous closure>
(package:flutter_test/src/widget_tester.dart:192:29)
<asynchronous suspension>
#995    TestWidgetsFlutterBinding._runTestBody (package:flutter_test/src/binding.dart:1682:5)
<asynchronous suspension>
#996    StackZoneSpecification._registerCallback.<anonymous closure>
(package:stack_trace/src/stack_zone_specification.dart:114:42)
<asynchronous suspension>


And rethrown at:
#0      throwProviderException (package:riverpod/src/common/stack_trace.dart:10:3)
#1      $ResultError.valueOrProviderException (package:riverpod/src/common/result.dart:108:7)
#2      ProviderContainer.read (package:riverpod/src/core/provider_container.dart:920:29)
#3      Ref.read (package:riverpod/src/core/ref.dart:540:30)
#4      TripController.build (package:unorive/features/trip_tracking/trip_provider.dart:102:25)
#5      $NotifierProviderElement.handleCreate (package:riverpod/src/providers/notifier.dart:93:32)
#6      _$TripController.runBuild
(package:unorive/features/trip_tracking/trip_provider.g.dart:69:13)
#7      $ClassProviderElement.create
(package:riverpod/src/core/provider/notifier_provider.dart:560:28)
#8      ProviderElement.buildState (package:riverpod/src/core/element.dart:684:28)
#9      ProviderElement.mount (package:riverpod/src/core/element.dart:537:7)
#10     ProviderElement.flush (package:riverpod/src/core/element.dart:640:7)
#11     $ProviderBaseImpl._addListener (package:riverpod/src/core/provider/provider.dart:119:24)
#12     ProviderContainer.listen (package:riverpod/src/core/provider_container.dart:960:26)
#13     ConsumerStatefulElement.watch.<anonymous closure>
(package:flutter_riverpod/src/core/consumer.dart:475:37)
#14     _LinkedHashMapMixin.putIfAbsent (dart:_compact_hash:675:23)
#15     ConsumerStatefulElement.watch (package:flutter_riverpod/src/core/consumer.dart:468:14)
#16     TripTrackingSheet.build
(package:unorive/features/trip_tracking/trip_tracking_sheet.dart:18:27)
#17     _ConsumerState.build (package:flutter_riverpod/src/core/consumer.dart:283:48)
#18     StatefulElement.build (package:flutter/src/widgets/framework.dart:5931:27)
#19     ConsumerStatefulElement.build (package:flutter_riverpod/src/core/consumer.dart:445:20)
#20     ComponentElement.performRebuild (package:flutter/src/widgets/framework.dart:5817:15)
#21     StatefulElement.performRebuild (package:flutter/src/widgets/framework.dart:5982:11)
#22     Element.rebuild (package:flutter/src/widgets/framework.dart:5529:7)
#23     ComponentElement._firstBuild (package:flutter/src/widgets/framework.dart:5799:5)
#24     StatefulElement._firstBuild (package:flutter/src/widgets/framework.dart:5973:11)
#25     ComponentElement.mount (package:flutter/src/widgets/framework.dart:5793:5)
#26     Element.inflateWidget (package:flutter/src/widgets/framework.dart:4587:20)
#27     MultiChildRenderObjectElement.inflateWidget
(package:flutter/src/widgets/framework.dart:7264:36)
#28     MultiChildRenderObjectElement.mount (package:flutter/src/widgets/framework.dart:7279:32)
#29     Element.inflateWidget (package:flutter/src/widgets/framework.dart:4587:20)
#30     Element.updateChild (package:flutter/src/widgets/framework.dart:4059:18)
#31     ComponentElement.performRebuild (package:flutter/src/widgets/framework.dart:5841:16)
#32     Element.rebuild (package:flutter/src/widgets/framework.dart:5529:7)
#33     ComponentElement._firstBuild (package:flutter/src/widgets/framework.dart:5799:5)
#34     ComponentElement.mount (package:flutter/src/widgets/framework.dart:5793:5)
#35     Element.inflateWidget (package:flutter/src/widgets/framework.dart:4587:20)
#36     Element.updateChild (package:flutter/src/widgets/framework.dart:4059:18)
#37     ComponentElement.performRebuild (package:flutter/src/widgets/framework.dart:5841:16)
#38     Element.rebuild (package:flutter/src/widgets/framework.dart:5529:7)
#39     ComponentElement._firstBuild (package:flutter/src/widgets/framework.dart:5799:5)
#40     ComponentElement.mount (package:flutter/src/widgets/framework.dart:5793:5)
#41     Element.inflateWidget (package:flutter/src/widgets/framework.dart:4587:20)
#42     Element.updateChild (package:flutter/src/widgets/framework.dart:4059:18)
#43     ComponentElement.performRebuild (package:flutter/src/widgets/framework.dart:5841:16)
#44     Element.rebuild (package:flutter/src/widgets/framework.dart:5529:7)
#45     ComponentElement._firstBuild (package:flutter/src/widgets/framework.dart:5799:5)
#46     ComponentElement.mount (package:flutter/src/widgets/framework.dart:5793:5)
#47     Element.inflateWidget (package:flutter/src/widgets/framework.dart:4587:20)
#48     Element.updateChild (package:flutter/src/widgets/framework.dart:4059:18)
#49     ComponentElement.performRebuild (package:flutter/src/widgets/framework.dart:5841:16)
#50     Element.rebuild (package:flutter/src/widgets/framework.dart:5529:7)
#51     ComponentElement._firstBuild (package:flutter/src/widgets/framework.dart:5799:5)
#52     ComponentElement.mount (package:flutter/src/widgets/framework.dart:5793:5)
#53     Element.inflateWidget (package:flutter/src/widgets/framework.dart:4587:20)
#54     MultiChildRenderObjectElement.inflateWidget
(package:flutter/src/widgets/framework.dart:7264:36)
#55     MultiChildRenderObjectElement.mount (package:flutter/src/widgets/framework.dart:7279:32)
#56     Element.inflateWidget (package:flutter/src/widgets/framework.dart:4587:20)
#57     Element.updateChild (package:flutter/src/widgets/framework.dart:4059:18)
#58     ComponentElement.performRebuild (package:flutter/src/widgets/framework.dart:5841:16)
#59     Element.rebuild (package:flutter/src/widgets/framework.dart:5529:7)
#60     ComponentElement._firstBuild (package:flutter/src/widgets/framework.dart:5799:5)
#61     ComponentElement.mount (package:flutter/src/widgets/framework.dart:5793:5)
#62     Element.inflateWidget (package:flutter/src/widgets/framework.dart:4587:20)
#63     Element.updateChild (package:flutter/src/widgets/framework.dart:4059:18)
#64     ComponentElement.performRebuild (package:flutter/src/widgets/framework.dart:5841:16)
#65     StatefulElement.performRebuild (package:flutter/src/widgets/framework.dart:5982:11)
#66     Element.rebuild (package:flutter/src/widgets/framework.dart:5529:7)
#67     ComponentElement._firstBuild (package:flutter/src/widgets/framework.dart:5799:5)
#68     StatefulElement._firstBuild (package:flutter/src/widgets/framework.dart:5973:11)
#69     ComponentElement.mount (package:flutter/src/widgets/framework.dart:5793:5)
#70     Element.inflateWidget (package:flutter/src/widgets/framework.dart:4587:20)
#71     Element.updateChild (package:flutter/src/widgets/framework.dart:4059:18)
#72     ComponentElement.performRebuild (package:flutter/src/widgets/framework.dart:5841:16)
#73     StatefulElement.performRebuild (package:flutter/src/widgets/framework.dart:5982:11)
#74     Element.rebuild (package:flutter/src/widgets/framework.dart:5529:7)
#75     ComponentElement._firstBuild (package:flutter/src/widgets/framework.dart:5799:5)
#76     StatefulElement._firstBuild (package:flutter/src/widgets/framework.dart:5973:11)
#77     ComponentElement.mount (package:flutter/src/widgets/framework.dart:5793:5)
#78     Element.inflateWidget (package:flutter/src/widgets/framework.dart:4587:20)
#79     Element.updateChild (package:flutter/src/widgets/framework.dart:4059:18)
#80     ComponentElement.performRebuild (package:flutter/src/widgets/framework.dart:5841:16)
#81     Element.rebuild (package:flutter/src/widgets/framework.dart:5529:7)
#82     ComponentElement._firstBuild (package:flutter/src/widgets/framework.dart:5799:5)
#83     ComponentElement.mount (package:flutter/src/widgets/framework.dart:5793:5)
#84     Element.inflateWidget (package:flutter/src/widgets/framework.dart:4587:20)
#85     Element.updateChild (package:flutter/src/widgets/framework.dart:4059:18)
#86     ComponentElement.performRebuild (package:flutter/src/widgets/framework.dart:5841:16)
#87     StatefulElement.performRebuild (package:flutter/src/widgets/framework.dart:5982:11)
#88     Element.rebuild (package:flutter/src/widgets/framework.dart:5529:7)
#89     ComponentElement._firstBuild (package:flutter/src/widgets/framework.dart:5799:5)
#90     StatefulElement._firstBuild (package:flutter/src/widgets/framework.dart:5973:11)
#91     ComponentElement.mount (package:flutter/src/widgets/framework.dart:5793:5)
#92     Element.inflateWidget (package:flutter/src/widgets/framework.dart:4587:20)
#93     Element.updateChild (package:flutter/src/widgets/framework.dart:4059:18)
#94     SingleChildRenderObjectElement.mount (package:flutter/src/widgets/framework.dart:7115:14)
#95     Element.inflateWidget (package:flutter/src/widgets/framework.dart:4587:20)
#96     Element.updateChild (package:flutter/src/widgets/framework.dart:4059:18)
#97     ComponentElement.performRebuild (package:flutter/src/widgets/framework.dart:5841:16)
#98     Element.rebuild (package:flutter/src/widgets/framework.dart:5529:7)
#99     ComponentElement._firstBuild (package:flutter/src/widgets/framework.dart:5799:5)
#100    ComponentElement.mount (package:flutter/src/widgets/framework.dart:5793:5)
#101    Element.inflateWidget (package:flutter/src/widgets/framework.dart:4587:20)
#102    Element.updateChild (package:flutter/src/widgets/framework.dart:4059:18)
#103    SingleChildRenderObjectElement.mount (package:flutter/src/widgets/framework.dart:7115:14)
#104    Element.inflateWidget (package:flutter/src/widgets/framework.dart:4587:20)
#105    Element.updateChild (package:flutter/src/widgets/framework.dart:4059:18)
#106    ComponentElement.performRebuild (package:flutter/src/widgets/framework.dart:5841:16)
#107    StatefulElement.performRebuild (package:flutter/src/widgets/framework.dart:5982:11)
#108    Element.rebuild (package:flutter/src/widgets/framework.dart:5529:7)
#109    ComponentElement._firstBuild (package:flutter/src/widgets/framework.dart:5799:5)
#110    StatefulElement._firstBuild (package:flutter/src/widgets/framework.dart:5973:11)
#111    ComponentElement.mount (package:flutter/src/widgets/framework.dart:5793:5)
#112    Element.inflateWidget (package:flutter/src/widgets/framework.dart:4587:20)
#113    Element.updateChild (package:flutter/src/widgets/framework.dart:4059:18)
#114    ComponentElement.performRebuild (package:flutter/src/widgets/framework.dart:5841:16)
#115    StatefulElement.performRebuild (package:flutter/src/widgets/framework.dart:5982:11)
#116    Element.rebuild (package:flutter/src/widgets/framework.dart:5529:7)
#117    ComponentElement._firstBuild (package:flutter/src/widgets/framework.dart:5799:5)
#118    StatefulElement._firstBuild (package:flutter/src/widgets/framework.dart:5973:11)
#119    ComponentElement.mount (package:flutter/src/widgets/framework.dart:5793:5)
#120    Element.inflateWidget (package:flutter/src/widgets/framework.dart:4587:20)
#121    Element.updateChild (package:flutter/src/widgets/framework.dart:4059:18)
#122    ComponentElement.performRebuild (package:flutter/src/widgets/framework.dart:5841:16)
#123    Element.rebuild (package:flutter/src/widgets/framework.dart:5529:7)
#124    ComponentElement._firstBuild (package:flutter/src/widgets/framework.dart:5799:5)
#125    ComponentElement.mount (package:flutter/src/widgets/framework.dart:5793:5)
#126    Element.inflateWidget (package:flutter/src/widgets/framework.dart:4587:20)
#127    Element.updateChild (package:flutter/src/widgets/framework.dart:4059:18)
#128    ComponentElement.performRebuild (package:flutter/src/widgets/framework.dart:5841:16)
#129    Element.rebuild (package:flutter/src/widgets/framework.dart:5529:7)
#130    ComponentElement._firstBuild (package:flutter/src/widgets/framework.dart:5799:5)
#131    ComponentElement.mount (package:flutter/src/widgets/framework.dart:5793:5)
#132    Element.inflateWidget (package:flutter/src/widgets/framework.dart:4587:20)
#133    Element.updateChild (package:flutter/src/widgets/framework.dart:4059:18)
#134    ComponentElement.performRebuild (package:flutter/src/widgets/framework.dart:5841:16)
#135    Element.rebuild (package:flutter/src/widgets/framework.dart:5529:7)
#136    ComponentElement._firstBuild (package:flutter/src/widgets/framework.dart:5799:5)
#137    ComponentElement.mount (package:flutter/src/widgets/framework.dart:5793:5)
#138    Element.inflateWidget (package:flutter/src/widgets/framework.dart:4587:20)
#139    Element.updateChild (package:flutter/src/widgets/framework.dart:4059:18)
#140    ComponentElement.performRebuild (package:flutter/src/widgets/framework.dart:5841:16)
#141    StatefulElement.performRebuild (package:flutter/src/widgets/framework.dart:5982:11)
#142    Element.rebuild (package:flutter/src/widgets/framework.dart:5529:7)
#143    ComponentElement._firstBuild (package:flutter/src/widgets/framework.dart:5799:5)
#144    StatefulElement._firstBuild (package:flutter/src/widgets/framework.dart:5973:11)
#145    ComponentElement.mount (package:flutter/src/widgets/framework.dart:5793:5)
#146    Element.inflateWidget (package:flutter/src/widgets/framework.dart:4587:20)
#147    Element.updateChild (package:flutter/src/widgets/framework.dart:4059:18)
#148    ComponentElement.performRebuild (package:flutter/src/widgets/framework.dart:5841:16)
#149    Element.rebuild (package:flutter/src/widgets/framework.dart:5529:7)
#150    ComponentElement._firstBuild (package:flutter/src/widgets/framework.dart:5799:5)
#151    ComponentElement.mount (package:flutter/src/widgets/framework.dart:5793:5)
#152    Element.inflateWidget (package:flutter/src/widgets/framework.dart:4587:20)
#153    Element.updateChild (package:flutter/src/widgets/framework.dart:4059:18)
#154    ComponentElement.performRebuild (package:flutter/src/widgets/framework.dart:5841:16)
#155    StatefulElement.performRebuild (package:flutter/src/widgets/framework.dart:5982:11)
#156    Element.rebuild (package:flutter/src/widgets/framework.dart:5529:7)
#157    ComponentElement._firstBuild (package:flutter/src/widgets/framework.dart:5799:5)
#158    StatefulElement._firstBuild (package:flutter/src/widgets/framework.dart:5973:11)
#159    ComponentElement.mount (package:flutter/src/widgets/framework.dart:5793:5)
#160    Element.inflateWidget (package:flutter/src/widgets/framework.dart:4587:20)
#161    Element.updateChild (package:flutter/src/widgets/framework.dart:4059:18)
#162    SingleChildRenderObjectElement.mount (package:flutter/src/widgets/framework.dart:7115:14)
#163    Element.inflateWidget (package:flutter/src/widgets/framework.dart:4587:20)
#164    Element.updateChild (package:flutter/src/widgets/framework.dart:4059:18)
#165    ComponentElement.performRebuild (package:flutter/src/widgets/framework.dart:5841:16)
#166    Element.rebuild (package:flutter/src/widgets/framework.dart:5529:7)
#167    ComponentElement._firstBuild (package:flutter/src/widgets/framework.dart:5799:5)
#168    ComponentElement.mount (package:flutter/src/widgets/framework.dart:5793:5)
#169    Element.inflateWidget (package:flutter/src/widgets/framework.dart:4587:20)
#170    Element.updateChild (package:flutter/src/widgets/framework.dart:4059:18)
#171    SingleChildRenderObjectElement.mount (package:flutter/src/widgets/framework.dart:7115:14)
#172    Element.inflateWidget (package:flutter/src/widgets/framework.dart:4587:20)
#173    Element.updateChild (package:flutter/src/widgets/framework.dart:4059:18)
#174    SingleChildRenderObjectElement.mount (package:flutter/src/widgets/framework.dart:7115:14)
#175    Element.inflateWidget (package:flutter/src/widgets/framework.dart:4587:20)
#176    Element.updateChild (package:flutter/src/widgets/framework.dart:4059:18)
#177    ComponentElement.performRebuild (package:flutter/src/widgets/framework.dart:5841:16)
#178    StatefulElement.performRebuild (package:flutter/src/widgets/framework.dart:5982:11)
#179    Element.rebuild (package:flutter/src/widgets/framework.dart:5529:7)
#180    ComponentElement._firstBuild (package:flutter/src/widgets/framework.dart:5799:5)
#181    StatefulElement._firstBuild (package:flutter/src/widgets/framework.dart:5973:11)
#182    ComponentElement.mount (package:flutter/src/widgets/framework.dart:5793:5)
#183    Element.inflateWidget (package:flutter/src/widgets/framework.dart:4587:20)
#184    Element.updateChild (package:flutter/src/widgets/framework.dart:4059:18)
#185    SingleChildRenderObjectElement.mount (package:flutter/src/widgets/framework.dart:7115:14)
#186    Element.inflateWidget (package:flutter/src/widgets/framework.dart:4587:20)
#187    Element.updateChild (package:flutter/src/widgets/framework.dart:4059:18)
#188    ComponentElement.performRebuild (package:flutter/src/widgets/framework.dart:5841:16)
#189    StatefulElement.performRebuild (package:flutter/src/widgets/framework.dart:5982:11)
#190    Element.rebuild (package:flutter/src/widgets/framework.dart:5529:7)
#191    ComponentElement._firstBuild (package:flutter/src/widgets/framework.dart:5799:5)
#192    StatefulElement._firstBuild (package:flutter/src/widgets/framework.dart:5973:11)
#193    ComponentElement.mount (package:flutter/src/widgets/framework.dart:5793:5)
#194    Element.inflateWidget (package:flutter/src/widgets/framework.dart:4587:20)
#195    Element.updateChild (package:flutter/src/widgets/framework.dart:4059:18)
#196    SingleChildRenderObjectElement.mount (package:flutter/src/widgets/framework.dart:7115:14)
#197    Element.inflateWidget (package:flutter/src/widgets/framework.dart:4587:20)
#198    Element.updateChild (package:flutter/src/widgets/framework.dart:4059:18)
#199    SingleChildRenderObjectElement.mount (package:flutter/src/widgets/framework.dart:7115:14)
#200    Element.inflateWidget (package:flutter/src/widgets/framework.dart:4587:20)
#201    Element.updateChild (package:flutter/src/widgets/framework.dart:4059:18)
#202    ComponentElement.performRebuild (package:flutter/src/widgets/framework.dart:5841:16)
#203    StatefulElement.performRebuild (package:flutter/src/widgets/framework.dart:5982:11)
#204    Element.rebuild (package:flutter/src/widgets/framework.dart:5529:7)
#205    ComponentElement._firstBuild (package:flutter/src/widgets/framework.dart:5799:5)
#206    StatefulElement._firstBuild (package:flutter/src/widgets/framework.dart:5973:11)
#207    ComponentElement.mount (package:flutter/src/widgets/framework.dart:5793:5)
#208    Element.inflateWidget (package:flutter/src/widgets/framework.dart:4587:20)
#209    Element.updateChild (package:flutter/src/widgets/framework.dart:4059:18)
#210    SingleChildRenderObjectElement.mount (package:flutter/src/widgets/framework.dart:7115:14)
#211    Element.inflateWidget (package:flutter/src/widgets/framework.dart:4587:20)
#212    Element.updateChild (package:flutter/src/widgets/framework.dart:4059:18)
#213    ComponentElement.performRebuild (package:flutter/src/widgets/framework.dart:5841:16)
#214    StatefulElement.performRebuild (package:flutter/src/widgets/framework.dart:5982:11)
#215    Element.rebuild (package:flutter/src/widgets/framework.dart:5529:7)
#216    ComponentElement._firstBuild (package:flutter/src/widgets/framework.dart:5799:5)
#217    StatefulElement._firstBuild (package:flutter/src/widgets/framework.dart:5973:11)
#218    ComponentElement.mount (package:flutter/src/widgets/framework.dart:5793:5)
#219    Element.inflateWidget (package:flutter/src/widgets/framework.dart:4587:20)
#220    Element.updateChild (package:flutter/src/widgets/framework.dart:4059:18)
#221    SingleChildRenderObjectElement.mount (package:flutter/src/widgets/framework.dart:7115:14)
#222    Element.inflateWidget (package:flutter/src/widgets/framework.dart:4587:20)
#223    Element.updateChild (package:flutter/src/widgets/framework.dart:4059:18)
#224    SingleChildRenderObjectElement.mount (package:flutter/src/widgets/framework.dart:7115:14)
#225    Element.inflateWidget (package:flutter/src/widgets/framework.dart:4587:20)
#226    Element.updateChild (package:flutter/src/widgets/framework.dart:4059:18)
#227    ComponentElement.performRebuild (package:flutter/src/widgets/framework.dart:5841:16)
#228    StatefulElement.performRebuild (package:flutter/src/widgets/framework.dart:5982:11)
#229    Element.rebuild (package:flutter/src/widgets/framework.dart:5529:7)
#230    ComponentElement._firstBuild (package:flutter/src/widgets/framework.dart:5799:5)
#231    StatefulElement._firstBuild (package:flutter/src/widgets/framework.dart:5973:11)
#232    ComponentElement.mount (package:flutter/src/widgets/framework.dart:5793:5)
#233    Element.inflateWidget (package:flutter/src/widgets/framework.dart:4587:20)
#234    Element.updateChild (package:flutter/src/widgets/framework.dart:4059:18)
#235    SingleChildRenderObjectElement.mount (package:flutter/src/widgets/framework.dart:7115:14)
#236    Element.inflateWidget (package:flutter/src/widgets/framework.dart:4587:20)
#237    Element.updateChild (package:flutter/src/widgets/framework.dart:4059:18)
#238    SingleChildRenderObjectElement.mount (package:flutter/src/widgets/framework.dart:7115:14)
#239    Element.inflateWidget (package:flutter/src/widgets/framework.dart:4587:20)
#240    Element.updateChild (package:flutter/src/widgets/framework.dart:4059:18)
#241    SingleChildRenderObjectElement.mount (package:flutter/src/widgets/framework.dart:7115:14)
#242    Element.inflateWidget (package:flutter/src/widgets/framework.dart:4587:20)
#243    Element.updateChild (package:flutter/src/widgets/framework.dart:4059:18)
#244    ComponentElement.performRebuild (package:flutter/src/widgets/framework.dart:5841:16)
#245    StatefulElement.performRebuild (package:flutter/src/widgets/framework.dart:5982:11)
#246    Element.rebuild (package:flutter/src/widgets/framework.dart:5529:7)
#247    ComponentElement._firstBuild (package:flutter/src/widgets/framework.dart:5799:5)
#248    StatefulElement._firstBuild (package:flutter/src/widgets/framework.dart:5973:11)
#249    ComponentElement.mount (package:flutter/src/widgets/framework.dart:5793:5)
#250    Element.inflateWidget (package:flutter/src/widgets/framework.dart:4587:20)
#251    Element.updateChild (package:flutter/src/widgets/framework.dart:4059:18)
#252    SingleChildRenderObjectElement.mount (package:flutter/src/widgets/framework.dart:7115:14)
#253    Element.inflateWidget (package:flutter/src/widgets/framework.dart:4587:20)
#254    Element.updateChild (package:flutter/src/widgets/framework.dart:4059:18)
#255    ComponentElement.performRebuild (package:flutter/src/widgets/framework.dart:5841:16)
#256    StatefulElement.performRebuild (package:flutter/src/widgets/framework.dart:5982:11)
#257    Element.rebuild (package:flutter/src/widgets/framework.dart:5529:7)
#258    ComponentElement._firstBuild (package:flutter/src/widgets/framework.dart:5799:5)
#259    StatefulElement._firstBuild (package:flutter/src/widgets/framework.dart:5973:11)
#260    ComponentElement.mount (package:flutter/src/widgets/framework.dart:5793:5)
#261    Element.inflateWidget (package:flutter/src/widgets/framework.dart:4587:20)
#262    Element.updateChild (package:flutter/src/widgets/framework.dart:4059:18)
#263    ComponentElement.performRebuild (package:flutter/src/widgets/framework.dart:5841:16)
#264    Element.rebuild (package:flutter/src/widgets/framework.dart:5529:7)
#265    ComponentElement._firstBuild (package:flutter/src/widgets/framework.dart:5799:5)
#266    ComponentElement.mount (package:flutter/src/widgets/framework.dart:5793:5)
#267    Element.inflateWidget (package:flutter/src/widgets/framework.dart:4587:20)
#268    Element.updateChild (package:flutter/src/widgets/framework.dart:4059:18)
#269    ComponentElement.performRebuild (package:flutter/src/widgets/framework.dart:5841:16)
#270    StatefulElement.performRebuild (package:flutter/src/widgets/framework.dart:5982:11)
#271    Element.rebuild (package:flutter/src/widgets/framework.dart:5529:7)
#272    ComponentElement._firstBuild (package:flutter/src/widgets/framework.dart:5799:5)
#273    StatefulElement._firstBuild (package:flutter/src/widgets/framework.dart:5973:11)
#274    ComponentElement.mount (package:flutter/src/widgets/framework.dart:5793:5)
#275    Element.inflateWidget (package:flutter/src/widgets/framework.dart:4587:20)
#276    Element.updateChild (package:flutter/src/widgets/framework.dart:4059:18)
#277    ComponentElement.performRebuild (package:flutter/src/widgets/framework.dart:5841:16)
#278    StatefulElement.performRebuild (package:flutter/src/widgets/framework.dart:5982:11)
#279    Element.rebuild (package:flutter/src/widgets/framework.dart:5529:7)
#280    ComponentElement._firstBuild (package:flutter/src/widgets/framework.dart:5799:5)
#281    StatefulElement._firstBuild (package:flutter/src/widgets/framework.dart:5973:11)
#282    ComponentElement.mount (package:flutter/src/widgets/framework.dart:5793:5)
#283    Element.inflateWidget (package:flutter/src/widgets/framework.dart:4587:20)
#284    Element.updateChild (package:flutter/src/widgets/framework.dart:4059:18)
#285    ComponentElement.performRebuild (package:flutter/src/widgets/framework.dart:5841:16)
#286    StatefulElement.performRebuild (package:flutter/src/widgets/framework.dart:5982:11)
#287    Element.rebuild (package:flutter/src/widgets/framework.dart:5529:7)
#288    ComponentElement._firstBuild (package:flutter/src/widgets/framework.dart:5799:5)
#289    StatefulElement._firstBuild (package:flutter/src/widgets/framework.dart:5973:11)
#290    ComponentElement.mount (package:flutter/src/widgets/framework.dart:5793:5)
#291    Element.inflateWidget (package:flutter/src/widgets/framework.dart:4587:20)
#292    Element.updateChild (package:flutter/src/widgets/framework.dart:4059:18)
#293    SingleChildRenderObjectElement.mount (package:flutter/src/widgets/framework.dart:7115:14)
#294    Element.inflateWidget (package:flutter/src/widgets/framework.dart:4587:20)
#295    Element.updateChild (package:flutter/src/widgets/framework.dart:4059:18)
#296    ComponentElement.performRebuild (package:flutter/src/widgets/framework.dart:5841:16)
#297    Element.rebuild (package:flutter/src/widgets/framework.dart:5529:7)
#298    ComponentElement._firstBuild (package:flutter/src/widgets/framework.dart:5799:5)
#299    ComponentElement.mount (package:flutter/src/widgets/framework.dart:5793:5)
#300    Element.inflateWidget (package:flutter/src/widgets/framework.dart:4587:20)
#301    Element.updateChild (package:flutter/src/widgets/framework.dart:4059:18)
#302    SingleChildRenderObjectElement.mount (package:flutter/src/widgets/framework.dart:7115:14)
#303    Element.inflateWidget (package:flutter/src/widgets/framework.dart:4587:20)
#304    Element.updateChild (package:flutter/src/widgets/framework.dart:4059:18)
#305    ComponentElement.performRebuild (package:flutter/src/widgets/framework.dart:5841:16)
#306    StatefulElement.performRebuild (package:flutter/src/widgets/framework.dart:5982:11)
#307    Element.rebuild (package:flutter/src/widgets/framework.dart:5529:7)
#308    ComponentElement._firstBuild (package:flutter/src/widgets/framework.dart:5799:5)
#309    StatefulElement._firstBuild (package:flutter/src/widgets/framework.dart:5973:11)
#310    ComponentElement.mount (package:flutter/src/widgets/framework.dart:5793:5)
#311    Element.inflateWidget (package:flutter/src/widgets/framework.dart:4587:20)
#312    Element.updateChild (package:flutter/src/widgets/framework.dart:4059:18)
#313    ComponentElement.performRebuild (package:flutter/src/widgets/framework.dart:5841:16)
#314    Element.rebuild (package:flutter/src/widgets/framework.dart:5529:7)
#315    ComponentElement._firstBuild (package:flutter/src/widgets/framework.dart:5799:5)
#316    ComponentElement.mount (package:flutter/src/widgets/framework.dart:5793:5)
#317    Element.inflateWidget (package:flutter/src/widgets/framework.dart:4587:20)
#318    Element.updateChild (package:flutter/src/widgets/framework.dart:4059:18)
#319    ComponentElement.performRebuild (package:flutter/src/widgets/framework.dart:5841:16)
#320    Element.rebuild (package:flutter/src/widgets/framework.dart:5529:7)
#321    ComponentElement._firstBuild (package:flutter/src/widgets/framework.dart:5799:5)
#322    ComponentElement.mount (package:flutter/src/widgets/framework.dart:5793:5)
#323    Element.inflateWidget (package:flutter/src/widgets/framework.dart:4587:20)
#324    Element.updateChild (package:flutter/src/widgets/framework.dart:4059:18)
#325    ComponentElement.performRebuild (package:flutter/src/widgets/framework.dart:5841:16)
#326    StatefulElement.performRebuild (package:flutter/src/widgets/framework.dart:5982:11)
#327    Element.rebuild (package:flutter/src/widgets/framework.dart:5529:7)
#328    ComponentElement._firstBuild (package:flutter/src/widgets/framework.dart:5799:5)
#329    StatefulElement._firstBuild (package:flutter/src/widgets/framework.dart:5973:11)
#330    ComponentElement.mount (package:flutter/src/widgets/framework.dart:5793:5)
#331    Element.inflateWidget (package:flutter/src/widgets/framework.dart:4587:20)
#332    Element.updateChild (package:flutter/src/widgets/framework.dart:4059:18)
#333    ComponentElement.performRebuild (package:flutter/src/widgets/framework.dart:5841:16)
#334    Element.rebuild (package:flutter/src/widgets/framework.dart:5529:7)
#335    ComponentElement._firstBuild (package:flutter/src/widgets/framework.dart:5799:5)
#336    ComponentElement.mount (package:flutter/src/widgets/framework.dart:5793:5)
#337    Element.inflateWidget (package:flutter/src/widgets/framework.dart:4587:20)
#338    Element.updateChild (package:flutter/src/widgets/framework.dart:4059:18)
#339    ComponentElement.performRebuild (package:flutter/src/widgets/framework.dart:5841:16)
#340    Element.rebuild (package:flutter/src/widgets/framework.dart:5529:7)
#341    ComponentElement._firstBuild (package:flutter/src/widgets/framework.dart:5799:5)
#342    ComponentElement.mount (package:flutter/src/widgets/framework.dart:5793:5)
#343    Element.inflateWidget (package:flutter/src/widgets/framework.dart:4587:20)
#344    Element.updateChild (package:flutter/src/widgets/framework.dart:4059:18)
#345    SingleChildRenderObjectElement.mount (package:flutter/src/widgets/framework.dart:7115:14)
#346    Element.inflateWidget (package:flutter/src/widgets/framework.dart:4587:20)
#347    Element.updateChild (package:flutter/src/widgets/framework.dart:4059:18)
#348    ComponentElement.performRebuild (package:flutter/src/widgets/framework.dart:5841:16)
#349    Element.rebuild (package:flutter/src/widgets/framework.dart:5529:7)
#350    ComponentElement._firstBuild (package:flutter/src/widgets/framework.dart:5799:5)
#351    ComponentElement.mount (package:flutter/src/widgets/framework.dart:5793:5)
#352    Element.inflateWidget (package:flutter/src/widgets/framework.dart:4587:20)
#353    Element.updateChild (package:flutter/src/widgets/framework.dart:4059:18)
#354    ComponentElement.performRebuild (package:flutter/src/widgets/framework.dart:5841:16)
#355    Element.rebuild (package:flutter/src/widgets/framework.dart:5529:7)
#356    ComponentElement._firstBuild (package:flutter/src/widgets/framework.dart:5799:5)
#357    ComponentElement.mount (package:flutter/src/widgets/framework.dart:5793:5)
#358    Element.inflateWidget (package:flutter/src/widgets/framework.dart:4587:20)
#359    Element.updateChild (package:flutter/src/widgets/framework.dart:4059:18)
#360    ComponentElement.performRebuild (package:flutter/src/widgets/framework.dart:5841:16)
#361    StatefulElement.performRebuild (package:flutter/src/widgets/framework.dart:5982:11)
#362    Element.rebuild (package:flutter/src/widgets/framework.dart:5529:7)
#363    ComponentElement._firstBuild (package:flutter/src/widgets/framework.dart:5799:5)
#364    StatefulElement._firstBuild (package:flutter/src/widgets/framework.dart:5973:11)
#365    ComponentElement.mount (package:flutter/src/widgets/framework.dart:5793:5)
#366    Element.inflateWidget (package:flutter/src/widgets/framework.dart:4587:20)
#367    Element.updateChild (package:flutter/src/widgets/framework.dart:4059:18)
#368    ComponentElement.performRebuild (package:flutter/src/widgets/framework.dart:5841:16)
#369    StatefulElement.performRebuild (package:flutter/src/widgets/framework.dart:5982:11)
#370    Element.rebuild (package:flutter/src/widgets/framework.dart:5529:7)
#371    ComponentElement._firstBuild (package:flutter/src/widgets/framework.dart:5799:5)
#372    StatefulElement._firstBuild (package:flutter/src/widgets/framework.dart:5973:11)
#373    ComponentElement.mount (package:flutter/src/widgets/framework.dart:5793:5)
#374    Element.inflateWidget (package:flutter/src/widgets/framework.dart:4587:20)
#375    Element.updateChild (package:flutter/src/widgets/framework.dart:4059:18)
#376    ComponentElement.performRebuild (package:flutter/src/widgets/framework.dart:5841:16)
#377    StatefulElement.performRebuild (package:flutter/src/widgets/framework.dart:5982:11)
#378    Element.rebuild (package:flutter/src/widgets/framework.dart:5529:7)
#379    ComponentElement._firstBuild (package:flutter/src/widgets/framework.dart:5799:5)
#380    StatefulElement._firstBuild (package:flutter/src/widgets/framework.dart:5973:11)
#381    ComponentElement.mount (package:flutter/src/widgets/framework.dart:5793:5)
#382    Element.inflateWidget (package:flutter/src/widgets/framework.dart:4587:20)
#383    Element.updateChild (package:flutter/src/widgets/framework.dart:4059:18)
#384    SingleChildRenderObjectElement.mount (package:flutter/src/widgets/framework.dart:7115:14)
#385    Element.inflateWidget (package:flutter/src/widgets/framework.dart:4587:20)
#386    Element.updateChild (package:flutter/src/widgets/framework.dart:4059:18)
#387    ComponentElement.performRebuild (package:flutter/src/widgets/framework.dart:5841:16)
#388    Element.rebuild (package:flutter/src/widgets/framework.dart:5529:7)
#389    ComponentElement._firstBuild (package:flutter/src/widgets/framework.dart:5799:5)
#390    ComponentElement.mount (package:flutter/src/widgets/framework.dart:5793:5)
#391    Element.inflateWidget (package:flutter/src/widgets/framework.dart:4587:20)
#392    Element.updateChild (package:flutter/src/widgets/framework.dart:4059:18)
#393    ComponentElement.performRebuild (package:flutter/src/widgets/framework.dart:5841:16)
#394    Element.rebuild (package:flutter/src/widgets/framework.dart:5529:7)
#395    ComponentElement._firstBuild (package:flutter/src/widgets/framework.dart:5799:5)
#396    ComponentElement.mount (package:flutter/src/widgets/framework.dart:5793:5)
#397    Element.inflateWidget (package:flutter/src/widgets/framework.dart:4587:20)
#398    Element.updateChild (package:flutter/src/widgets/framework.dart:4059:18)
#399    ComponentElement.performRebuild (package:flutter/src/widgets/framework.dart:5841:16)
#400    Element.rebuild (package:flutter/src/widgets/framework.dart:5529:7)
#401    ComponentElement._firstBuild (package:flutter/src/widgets/framework.dart:5799:5)
#402    ComponentElement.mount (package:flutter/src/widgets/framework.dart:5793:5)
#403    Element.inflateWidget (package:flutter/src/widgets/framework.dart:4587:20)
#404    Element.updateChild (package:flutter/src/widgets/framework.dart:4059:18)
#405    ComponentElement.performRebuild (package:flutter/src/widgets/framework.dart:5841:16)
#406    StatefulElement.performRebuild (package:flutter/src/widgets/framework.dart:5982:11)
#407    Element.rebuild (package:flutter/src/widgets/framework.dart:5529:7)
#408    ComponentElement._firstBuild (package:flutter/src/widgets/framework.dart:5799:5)
#409    StatefulElement._firstBuild (package:flutter/src/widgets/framework.dart:5973:11)
#410    ComponentElement.mount (package:flutter/src/widgets/framework.dart:5793:5)
#411    Element.inflateWidget (package:flutter/src/widgets/framework.dart:4587:20)
#412    Element.updateChild (package:flutter/src/widgets/framework.dart:4059:18)
#413    ComponentElement.performRebuild (package:flutter/src/widgets/framework.dart:5841:16)
#414    StatefulElement.performRebuild (package:flutter/src/widgets/framework.dart:5982:11)
#415    Element.rebuild (package:flutter/src/widgets/framework.dart:5529:7)
#416    ComponentElement._firstBuild (package:flutter/src/widgets/framework.dart:5799:5)
#417    StatefulElement._firstBuild (package:flutter/src/widgets/framework.dart:5973:11)
#418    ComponentElement.mount (package:flutter/src/widgets/framework.dart:5793:5)
#419    Element.inflateWidget (package:flutter/src/widgets/framework.dart:4587:20)
#420    MultiChildRenderObjectElement.inflateWidget
(package:flutter/src/widgets/framework.dart:7264:36)
#421    MultiChildRenderObjectElement.mount (package:flutter/src/widgets/framework.dart:7279:32)
#422    Element.inflateWidget (package:flutter/src/widgets/framework.dart:4587:20)
#423    Element.updateChild (package:flutter/src/widgets/framework.dart:4059:18)
#424    ComponentElement.performRebuild (package:flutter/src/widgets/framework.dart:5841:16)
#425    StatefulElement.performRebuild (package:flutter/src/widgets/framework.dart:5982:11)
#426    Element.rebuild (package:flutter/src/widgets/framework.dart:5529:7)
#427    ComponentElement._firstBuild (package:flutter/src/widgets/framework.dart:5799:5)
#428    StatefulElement._firstBuild (package:flutter/src/widgets/framework.dart:5973:11)
#429    ComponentElement.mount (package:flutter/src/widgets/framework.dart:5793:5)
#430    Element.inflateWidget (package:flutter/src/widgets/framework.dart:4587:20)
#431    Element.updateChild (package:flutter/src/widgets/framework.dart:4059:18)
#432    ComponentElement.performRebuild (package:flutter/src/widgets/framework.dart:5841:16)
#433    Element.rebuild (package:flutter/src/widgets/framework.dart:5529:7)
#434    ComponentElement._firstBuild (package:flutter/src/widgets/framework.dart:5799:5)
#435    ComponentElement.mount (package:flutter/src/widgets/framework.dart:5793:5)
#436    Element.inflateWidget (package:flutter/src/widgets/framework.dart:4587:20)
#437    Element.updateChild (package:flutter/src/widgets/framework.dart:4059:18)
#438    ComponentElement.performRebuild (package:flutter/src/widgets/framework.dart:5841:16)
#439    Element.rebuild (package:flutter/src/widgets/framework.dart:5529:7)
#440    ComponentElement._firstBuild (package:flutter/src/widgets/framework.dart:5799:5)
#441    ComponentElement.mount (package:flutter/src/widgets/framework.dart:5793:5)
#442    Element.inflateWidget (package:flutter/src/widgets/framework.dart:4587:20)
#443    Element.updateChild (package:flutter/src/widgets/framework.dart:4059:18)
#444    ComponentElement.performRebuild (package:flutter/src/widgets/framework.dart:5841:16)
#445    StatefulElement.performRebuild (package:flutter/src/widgets/framework.dart:5982:11)
#446    Element.rebuild (package:flutter/src/widgets/framework.dart:5529:7)
#447    ComponentElement._firstBuild (package:flutter/src/widgets/framework.dart:5799:5)
#448    StatefulElement._firstBuild (package:flutter/src/widgets/framework.dart:5973:11)
#449    ComponentElement.mount (package:flutter/src/widgets/framework.dart:5793:5)
#450    Element.inflateWidget (package:flutter/src/widgets/framework.dart:4587:20)
#451    Element.updateChild (package:flutter/src/widgets/framework.dart:4059:18)
#452    ComponentElement.performRebuild (package:flutter/src/widgets/framework.dart:5841:16)
#453    Element.rebuild (package:flutter/src/widgets/framework.dart:5529:7)
#454    ComponentElement._firstBuild (package:flutter/src/widgets/framework.dart:5799:5)
#455    ComponentElement.mount (package:flutter/src/widgets/framework.dart:5793:5)
#456    Element.inflateWidget (package:flutter/src/widgets/framework.dart:4587:20)
#457    Element.updateChild (package:flutter/src/widgets/framework.dart:4059:18)
#458    ComponentElement.performRebuild (package:flutter/src/widgets/framework.dart:5841:16)
#459    StatefulElement.performRebuild (package:flutter/src/widgets/framework.dart:5982:11)
#460    Element.rebuild (package:flutter/src/widgets/framework.dart:5529:7)
#461    ComponentElement._firstBuild (package:flutter/src/widgets/framework.dart:5799:5)
#462    StatefulElement._firstBuild (package:flutter/src/widgets/framework.dart:5973:11)
#463    ComponentElement.mount (package:flutter/src/widgets/framework.dart:5793:5)
#464    Element.inflateWidget (package:flutter/src/widgets/framework.dart:4587:20)
#465    Element.updateChild (package:flutter/src/widgets/framework.dart:4059:18)
#466    ComponentElement.performRebuild (package:flutter/src/widgets/framework.dart:5841:16)
#467    StatefulElement.performRebuild (package:flutter/src/widgets/framework.dart:5982:11)
#468    Element.rebuild (package:flutter/src/widgets/framework.dart:5529:7)
#469    ComponentElement._firstBuild (package:flutter/src/widgets/framework.dart:5799:5)
#470    StatefulElement._firstBuild (package:flutter/src/widgets/framework.dart:5973:11)
#471    ComponentElement.mount (package:flutter/src/widgets/framework.dart:5793:5)
#472    Element.inflateWidget (package:flutter/src/widgets/framework.dart:4587:20)
#473    Element.updateChild (package:flutter/src/widgets/framework.dart:4059:18)
#474    SingleChildRenderObjectElement.mount (package:flutter/src/widgets/framework.dart:7115:14)
#475    Element.inflateWidget (package:flutter/src/widgets/framework.dart:4587:20)
#476    Element.updateChild (package:flutter/src/widgets/framework.dart:4059:18)
#477    SingleChildRenderObjectElement.mount (package:flutter/src/widgets/framework.dart:7115:14)
#478    Element.inflateWidget (package:flutter/src/widgets/framework.dart:4587:20)
#479    Element.updateChild (package:flutter/src/widgets/framework.dart:4059:18)
#480    ComponentElement.performRebuild (package:flutter/src/widgets/framework.dart:5841:16)
#481    Element.rebuild (package:flutter/src/widgets/framework.dart:5529:7)
#482    ComponentElement._firstBuild (package:flutter/src/widgets/framework.dart:5799:5)
#483    ComponentElement.mount (package:flutter/src/widgets/framework.dart:5793:5)
#484    Element.inflateWidget (package:flutter/src/widgets/framework.dart:4587:20)
#485    Element.updateChild (package:flutter/src/widgets/framework.dart:4059:18)
#486    ComponentElement.performRebuild (package:flutter/src/widgets/framework.dart:5841:16)
#487    Element.rebuild (package:flutter/src/widgets/framework.dart:5529:7)
#488    ComponentElement._firstBuild (package:flutter/src/widgets/framework.dart:5799:5)
#489    ComponentElement.mount (package:flutter/src/widgets/framework.dart:5793:5)
#490    Element.inflateWidget (package:flutter/src/widgets/framework.dart:4587:20)
#491    Element.updateChild (package:flutter/src/widgets/framework.dart:4059:18)
#492    ComponentElement.performRebuild (package:flutter/src/widgets/framework.dart:5841:16)
#493    StatefulElement.performRebuild (package:flutter/src/widgets/framework.dart:5982:11)
#494    Element.rebuild (package:flutter/src/widgets/framework.dart:5529:7)
#495    ComponentElement._firstBuild (package:flutter/src/widgets/framework.dart:5799:5)
#496    StatefulElement._firstBuild (package:flutter/src/widgets/framework.dart:5973:11)
#497    ComponentElement.mount (package:flutter/src/widgets/framework.dart:5793:5)
#498    Element.inflateWidget (package:flutter/src/widgets/framework.dart:4587:20)
#499    Element.updateChild (package:flutter/src/widgets/framework.dart:4059:18)
#500    ComponentElement.performRebuild (package:flutter/src/widgets/framework.dart:5841:16)
#501    Element.rebuild (package:flutter/src/widgets/framework.dart:5529:7)
#502    ComponentElement._firstBuild (package:flutter/src/widgets/framework.dart:5799:5)
#503    ComponentElement.mount (package:flutter/src/widgets/framework.dart:5793:5)
#504    Element.inflateWidget (package:flutter/src/widgets/framework.dart:4587:20)
#505    Element.updateChild (package:flutter/src/widgets/framework.dart:4059:18)
#506    SingleChildRenderObjectElement.mount (package:flutter/src/widgets/framework.dart:7115:14)
#507    Element.inflateWidget (package:flutter/src/widgets/framework.dart:4587:20)
#508    Element.updateChild (package:flutter/src/widgets/framework.dart:4059:18)
#509    ComponentElement.performRebuild (package:flutter/src/widgets/framework.dart:5841:16)
#510    StatefulElement.performRebuild (package:flutter/src/widgets/framework.dart:5982:11)
#511    Element.rebuild (package:flutter/src/widgets/framework.dart:5529:7)
#512    ComponentElement._firstBuild (package:flutter/src/widgets/framework.dart:5799:5)
#513    StatefulElement._firstBuild (package:flutter/src/widgets/framework.dart:5973:11)
#514    ComponentElement.mount (package:flutter/src/widgets/framework.dart:5793:5)
#515    Element.inflateWidget (package:flutter/src/widgets/framework.dart:4587:20)
#516    Element.updateChild (package:flutter/src/widgets/framework.dart:4059:18)
#517    ComponentElement.performRebuild (package:flutter/src/widgets/framework.dart:5841:16)
#518    Element.rebuild (package:flutter/src/widgets/framework.dart:5529:7)
#519    ComponentElement._firstBuild (package:flutter/src/widgets/framework.dart:5799:5)
#520    ComponentElement.mount (package:flutter/src/widgets/framework.dart:5793:5)
#521    Element.inflateWidget (package:flutter/src/widgets/framework.dart:4587:20)
#522    Element.updateChild (package:flutter/src/widgets/framework.dart:4059:18)
#523    ComponentElement.performRebuild (package:flutter/src/widgets/framework.dart:5841:16)
#524    Element.rebuild (package:flutter/src/widgets/framework.dart:5529:7)
#525    ComponentElement._firstBuild (package:flutter/src/widgets/framework.dart:5799:5)
#526    ComponentElement.mount (package:flutter/src/widgets/framework.dart:5793:5)
#527    Element.inflateWidget (package:flutter/src/widgets/framework.dart:4587:20)
#528    Element.updateChild (package:flutter/src/widgets/framework.dart:4059:18)
#529    ComponentElement.performRebuild (package:flutter/src/widgets/framework.dart:5841:16)
#530    StatefulElement.performRebuild (package:flutter/src/widgets/framework.dart:5982:11)
#531    Element.rebuild (package:flutter/src/widgets/framework.dart:5529:7)
#532    ComponentElement._firstBuild (package:flutter/src/widgets/framework.dart:5799:5)
#533    StatefulElement._firstBuild (package:flutter/src/widgets/framework.dart:5973:11)
#534    ComponentElement.mount (package:flutter/src/widgets/framework.dart:5793:5)
#535    Element.inflateWidget (package:flutter/src/widgets/framework.dart:4587:20)
#536    Element.updateChild (package:flutter/src/widgets/framework.dart:4059:18)
#537    ComponentElement.performRebuild (package:flutter/src/widgets/framework.dart:5841:16)
#538    Element.rebuild (package:flutter/src/widgets/framework.dart:5529:7)
#539    ComponentElement._firstBuild (package:flutter/src/widgets/framework.dart:5799:5)
#540    ComponentElement.mount (package:flutter/src/widgets/framework.dart:5793:5)
#541    Element.inflateWidget (package:flutter/src/widgets/framework.dart:4587:20)
#542    Element.updateChild (package:flutter/src/widgets/framework.dart:4059:18)
#543    ComponentElement.performRebuild (package:flutter/src/widgets/framework.dart:5841:16)
#544    Element.rebuild (package:flutter/src/widgets/framework.dart:5529:7)
#545    ComponentElement._firstBuild (package:flutter/src/widgets/framework.dart:5799:5)
#546    ComponentElement.mount (package:flutter/src/widgets/framework.dart:5793:5)
#547    Element.inflateWidget (package:flutter/src/widgets/framework.dart:4587:20)
#548    Element.updateChild (package:flutter/src/widgets/framework.dart:4059:18)
#549    ComponentElement.performRebuild (package:flutter/src/widgets/framework.dart:5841:16)
#550    Element.rebuild (package:flutter/src/widgets/framework.dart:5529:7)
#551    ComponentElement._firstBuild (package:flutter/src/widgets/framework.dart:5799:5)
#552    ComponentElement.mount (package:flutter/src/widgets/framework.dart:5793:5)
#553    Element.inflateWidget (package:flutter/src/widgets/framework.dart:4587:20)
#554    Element.updateChild (package:flutter/src/widgets/framework.dart:4059:18)
#555    ComponentElement.performRebuild (package:flutter/src/widgets/framework.dart:5841:16)
#556    Element.rebuild (package:flutter/src/widgets/framework.dart:5529:7)
#557    ComponentElement._firstBuild (package:flutter/src/widgets/framework.dart:5799:5)
#558    ComponentElement.mount (package:flutter/src/widgets/framework.dart:5793:5)
#559    Element.inflateWidget (package:flutter/src/widgets/framework.dart:4587:20)
#560    Element.updateChild (package:flutter/src/widgets/framework.dart:4059:18)
#561    ComponentElement.performRebuild (package:flutter/src/widgets/framework.dart:5841:16)
#562    Element.rebuild (package:flutter/src/widgets/framework.dart:5529:7)
#563    ComponentElement._firstBuild (package:flutter/src/widgets/framework.dart:5799:5)
#564    ComponentElement.mount (package:flutter/src/widgets/framework.dart:5793:5)
#565    Element.inflateWidget (package:flutter/src/widgets/framework.dart:4587:20)
#566    Element.updateChild (package:flutter/src/widgets/framework.dart:4059:18)
#567    ComponentElement.performRebuild (package:flutter/src/widgets/framework.dart:5841:16)
#568    Element.rebuild (package:flutter/src/widgets/framework.dart:5529:7)
#569    ComponentElement._firstBuild (package:flutter/src/widgets/framework.dart:5799:5)
#570    ComponentElement.mount (package:flutter/src/widgets/framework.dart:5793:5)
#571    Element.inflateWidget (package:flutter/src/widgets/framework.dart:4587:20)
#572    Element.updateChild (package:flutter/src/widgets/framework.dart:4059:18)
#573    ComponentElement.performRebuild (package:flutter/src/widgets/framework.dart:5841:16)
#574    Element.rebuild (package:flutter/src/widgets/framework.dart:5529:7)
#575    ComponentElement._firstBuild (package:flutter/src/widgets/framework.dart:5799:5)
#576    ComponentElement.mount (package:flutter/src/widgets/framework.dart:5793:5)
#577    Element.inflateWidget (package:flutter/src/widgets/framework.dart:4587:20)
#578    Element.updateChild (package:flutter/src/widgets/framework.dart:4059:18)
#579    ComponentElement.performRebuild (package:flutter/src/widgets/framework.dart:5841:16)
#580    StatefulElement.performRebuild (package:flutter/src/widgets/framework.dart:5982:11)
#581    Element.rebuild (package:flutter/src/widgets/framework.dart:5529:7)
#582    ComponentElement._firstBuild (package:flutter/src/widgets/framework.dart:5799:5)
#583    StatefulElement._firstBuild (package:flutter/src/widgets/framework.dart:5973:11)
#584    ComponentElement.mount (package:flutter/src/widgets/framework.dart:5793:5)
#585    Element.inflateWidget (package:flutter/src/widgets/framework.dart:4587:20)
#586    Element.updateChild (package:flutter/src/widgets/framework.dart:4059:18)
#587    ComponentElement.performRebuild (package:flutter/src/widgets/framework.dart:5841:16)
#588    Element.rebuild (package:flutter/src/widgets/framework.dart:5529:7)
#589    ComponentElement._firstBuild (package:flutter/src/widgets/framework.dart:5799:5)
#590    ComponentElement.mount (package:flutter/src/widgets/framework.dart:5793:5)
#591    Element.inflateWidget (package:flutter/src/widgets/framework.dart:4587:20)
#592    Element.updateChild (package:flutter/src/widgets/framework.dart:4059:18)
#593    ComponentElement.performRebuild (package:flutter/src/widgets/framework.dart:5841:16)
#594    Element.rebuild (package:flutter/src/widgets/framework.dart:5529:7)
#595    ComponentElement._firstBuild (package:flutter/src/widgets/framework.dart:5799:5)
#596    ComponentElement.mount (package:flutter/src/widgets/framework.dart:5793:5)
#597    Element.inflateWidget (package:flutter/src/widgets/framework.dart:4587:20)
#598    Element.updateChild (package:flutter/src/widgets/framework.dart:4059:18)
#599    ComponentElement.performRebuild (package:flutter/src/widgets/framework.dart:5841:16)
#600    StatefulElement.performRebuild (package:flutter/src/widgets/framework.dart:5982:11)
#601    Element.rebuild (package:flutter/src/widgets/framework.dart:5529:7)
#602    ComponentElement._firstBuild (package:flutter/src/widgets/framework.dart:5799:5)
#603    StatefulElement._firstBuild (package:flutter/src/widgets/framework.dart:5973:11)
#604    ComponentElement.mount (package:flutter/src/widgets/framework.dart:5793:5)
#605    Element.inflateWidget (package:flutter/src/widgets/framework.dart:4587:20)
#606    Element.updateChild (package:flutter/src/widgets/framework.dart:4059:18)
#607    SingleChildRenderObjectElement.mount (package:flutter/src/widgets/framework.dart:7115:14)
#608    Element.inflateWidget (package:flutter/src/widgets/framework.dart:4587:20)
#609    Element.updateChild (package:flutter/src/widgets/framework.dart:4059:18)
#610    ComponentElement.performRebuild (package:flutter/src/widgets/framework.dart:5841:16)
#611    StatefulElement.performRebuild (package:flutter/src/widgets/framework.dart:5982:11)
#612    Element.rebuild (package:flutter/src/widgets/framework.dart:5529:7)
#613    ComponentElement._firstBuild (package:flutter/src/widgets/framework.dart:5799:5)
#614    StatefulElement._firstBuild (package:flutter/src/widgets/framework.dart:5973:11)
#615    ComponentElement.mount (package:flutter/src/widgets/framework.dart:5793:5)
#616    Element.inflateWidget (package:flutter/src/widgets/framework.dart:4587:20)
#617    Element.updateChild (package:flutter/src/widgets/framework.dart:4059:18)
#618    ComponentElement.performRebuild (package:flutter/src/widgets/framework.dart:5841:16)
#619    Element.rebuild (package:flutter/src/widgets/framework.dart:5529:7)
#620    ComponentElement._firstBuild (package:flutter/src/widgets/framework.dart:5799:5)
#621    ComponentElement.mount (package:flutter/src/widgets/framework.dart:5793:5)
#622    Element.inflateWidget (package:flutter/src/widgets/framework.dart:4587:20)
#623    Element.updateChild (package:flutter/src/widgets/framework.dart:4059:18)
#624    SingleChildRenderObjectElement.mount (package:flutter/src/widgets/framework.dart:7115:14)
#625    Element.inflateWidget (package:flutter/src/widgets/framework.dart:4587:20)
#626    Element.updateChild (package:flutter/src/widgets/framework.dart:4059:18)
#627    ComponentElement.performRebuild (package:flutter/src/widgets/framework.dart:5841:16)
#628    Element.rebuild (package:flutter/src/widgets/framework.dart:5529:7)
#629    ComponentElement._firstBuild (package:flutter/src/widgets/framework.dart:5799:5)
#630    ComponentElement.mount (package:flutter/src/widgets/framework.dart:5793:5)
#631    Element.inflateWidget (package:flutter/src/widgets/framework.dart:4587:20)
#632    Element.updateChild (package:flutter/src/widgets/framework.dart:4059:18)
#633    ComponentElement.performRebuild (package:flutter/src/widgets/framework.dart:5841:16)
#634    StatefulElement.performRebuild (package:flutter/src/widgets/framework.dart:5982:11)
#635    Element.rebuild (package:flutter/src/widgets/framework.dart:5529:7)
#636    ComponentElement._firstBuild (package:flutter/src/widgets/framework.dart:5799:5)
#637    StatefulElement._firstBuild (package:flutter/src/widgets/framework.dart:5973:11)
#638    ComponentElement.mount (package:flutter/src/widgets/framework.dart:5793:5)
#639    Element.inflateWidget (package:flutter/src/widgets/framework.dart:4587:20)
#640    Element.updateChild (package:flutter/src/widgets/framework.dart:4059:18)
#641    ComponentElement.performRebuild (package:flutter/src/widgets/framework.dart:5841:16)
#642    StatefulElement.performRebuild (package:flutter/src/widgets/framework.dart:5982:11)
#643    Element.rebuild (package:flutter/src/widgets/framework.dart:5529:7)
#644    ComponentElement._firstBuild (package:flutter/src/widgets/framework.dart:5799:5)
#645    StatefulElement._firstBuild (package:flutter/src/widgets/framework.dart:5973:11)
#646    ComponentElement.mount (package:flutter/src/widgets/framework.dart:5793:5)
#647    Element.inflateWidget (package:flutter/src/widgets/framework.dart:4587:20)
#648    Element.updateChild (package:flutter/src/widgets/framework.dart:4059:18)
#649    ComponentElement.performRebuild (package:flutter/src/widgets/framework.dart:5841:16)
#650    Element.rebuild (package:flutter/src/widgets/framework.dart:5529:7)
#651    ComponentElement._firstBuild (package:flutter/src/widgets/framework.dart:5799:5)
#652    ComponentElement.mount (package:flutter/src/widgets/framework.dart:5793:5)
#653    Element.inflateWidget (package:flutter/src/widgets/framework.dart:4587:20)
#654    Element.updateChild (package:flutter/src/widgets/framework.dart:4059:18)
#655    ComponentElement.performRebuild (package:flutter/src/widgets/framework.dart:5841:16)
#656    Element.rebuild (package:flutter/src/widgets/framework.dart:5529:7)
#657    ComponentElement._firstBuild (package:flutter/src/widgets/framework.dart:5799:5)
#658    ComponentElement.mount (package:flutter/src/widgets/framework.dart:5793:5)
#659    Element.inflateWidget (package:flutter/src/widgets/framework.dart:4587:20)
#660    Element.updateChild (package:flutter/src/widgets/framework.dart:4059:18)
#661    SingleChildRenderObjectElement.mount (package:flutter/src/widgets/framework.dart:7115:14)
#662    Element.inflateWidget (package:flutter/src/widgets/framework.dart:4587:20)
#663    Element.updateChild (package:flutter/src/widgets/framework.dart:4059:18)
#664    ComponentElement.performRebuild (package:flutter/src/widgets/framework.dart:5841:16)
#665    StatefulElement.performRebuild (package:flutter/src/widgets/framework.dart:5982:11)
#666    Element.rebuild (package:flutter/src/widgets/framework.dart:5529:7)
#667    ComponentElement._firstBuild (package:flutter/src/widgets/framework.dart:5799:5)
#668    StatefulElement._firstBuild (package:flutter/src/widgets/framework.dart:5973:11)
#669    ComponentElement.mount (package:flutter/src/widgets/framework.dart:5793:5)
#670    Element.inflateWidget (package:flutter/src/widgets/framework.dart:4587:20)
#671    Element.updateChild (package:flutter/src/widgets/framework.dart:4059:18)
#672    ComponentElement.performRebuild (package:flutter/src/widgets/framework.dart:5841:16)
#673    StatefulElement.performRebuild (package:flutter/src/widgets/framework.dart:5982:11)
#674    Element.rebuild (package:flutter/src/widgets/framework.dart:5529:7)
#675    ComponentElement._firstBuild (package:flutter/src/widgets/framework.dart:5799:5)
#676    StatefulElement._firstBuild (package:flutter/src/widgets/framework.dart:5973:11)
#677    ComponentElement.mount (package:flutter/src/widgets/framework.dart:5793:5)
#678    Element.inflateWidget (package:flutter/src/widgets/framework.dart:4587:20)
#679    Element.updateChild (package:flutter/src/widgets/framework.dart:4059:18)
#680    SingleChildRenderObjectElement.mount (package:flutter/src/widgets/framework.dart:7115:14)
#681    Element.inflateWidget (package:flutter/src/widgets/framework.dart:4587:20)
#682    Element.updateChild (package:flutter/src/widgets/framework.dart:4059:18)
#683    ComponentElement.performRebuild (package:flutter/src/widgets/framework.dart:5841:16)
#684    Element.rebuild (package:flutter/src/widgets/framework.dart:5529:7)
#685    ComponentElement._firstBuild (package:flutter/src/widgets/framework.dart:5799:5)
#686    ComponentElement.mount (package:flutter/src/widgets/framework.dart:5793:5)
#687    Element.inflateWidget (package:flutter/src/widgets/framework.dart:4587:20)
#688    Element.updateChild (package:flutter/src/widgets/framework.dart:4059:18)
#689    ComponentElement.performRebuild (package:flutter/src/widgets/framework.dart:5841:16)
#690    StatefulElement.performRebuild (package:flutter/src/widgets/framework.dart:5982:11)
#691    Element.rebuild (package:flutter/src/widgets/framework.dart:5529:7)
#692    ComponentElement._firstBuild (package:flutter/src/widgets/framework.dart:5799:5)
#693    StatefulElement._firstBuild (package:flutter/src/widgets/framework.dart:5973:11)
#694    ComponentElement.mount (package:flutter/src/widgets/framework.dart:5793:5)
#695    Element.inflateWidget (package:flutter/src/widgets/framework.dart:4587:20)
#696    Element.updateChild (package:flutter/src/widgets/framework.dart:4059:18)
#697    ComponentElement.performRebuild (package:flutter/src/widgets/framework.dart:5841:16)
#698    StatefulElement.performRebuild (package:flutter/src/widgets/framework.dart:5982:11)
#699    Element.rebuild (package:flutter/src/widgets/framework.dart:5529:7)
#700    ComponentElement._firstBuild (package:flutter/src/widgets/framework.dart:5799:5)
#701    StatefulElement._firstBuild (package:flutter/src/widgets/framework.dart:5973:11)
#702    ComponentElement.mount (package:flutter/src/widgets/framework.dart:5793:5)
#703    Element.inflateWidget (package:flutter/src/widgets/framework.dart:4587:20)
#704    Element.updateChild (package:flutter/src/widgets/framework.dart:4059:18)
#705    ComponentElement.performRebuild (package:flutter/src/widgets/framework.dart:5841:16)
#706    Element.rebuild (package:flutter/src/widgets/framework.dart:5529:7)
#707    ComponentElement._firstBuild (package:flutter/src/widgets/framework.dart:5799:5)
#708    ComponentElement.mount (package:flutter/src/widgets/framework.dart:5793:5)
#709    Element.inflateWidget (package:flutter/src/widgets/framework.dart:4587:20)
#710    Element.updateChild (package:flutter/src/widgets/framework.dart:4059:18)
#711    ComponentElement.performRebuild (package:flutter/src/widgets/framework.dart:5841:16)
#712    StatefulElement.performRebuild (package:flutter/src/widgets/framework.dart:5982:11)
#713    Element.rebuild (package:flutter/src/widgets/framework.dart:5529:7)
#714    ComponentElement._firstBuild (package:flutter/src/widgets/framework.dart:5799:5)
#715    StatefulElement._firstBuild (package:flutter/src/widgets/framework.dart:5973:11)
#716    ComponentElement.mount (package:flutter/src/widgets/framework.dart:5793:5)
#717    Element.inflateWidget (package:flutter/src/widgets/framework.dart:4587:20)
#718    Element.updateChild (package:flutter/src/widgets/framework.dart:4059:18)
#719    SingleChildRenderObjectElement.mount (package:flutter/src/widgets/framework.dart:7115:14)
#720    Element.inflateWidget (package:flutter/src/widgets/framework.dart:4587:20)
#721    Element.updateChild (package:flutter/src/widgets/framework.dart:4059:18)
#722    ComponentElement.performRebuild (package:flutter/src/widgets/framework.dart:5841:16)
#723    Element.rebuild (package:flutter/src/widgets/framework.dart:5529:7)
#724    ComponentElement._firstBuild (package:flutter/src/widgets/framework.dart:5799:5)
#725    ComponentElement.mount (package:flutter/src/widgets/framework.dart:5793:5)
#726    Element.inflateWidget (package:flutter/src/widgets/framework.dart:4587:20)
#727    Element.updateChild (package:flutter/src/widgets/framework.dart:4059:18)
#728    ComponentElement.performRebuild (package:flutter/src/widgets/framework.dart:5841:16)
#729    StatefulElement.performRebuild (package:flutter/src/widgets/framework.dart:5982:11)
#730    Element.rebuild (package:flutter/src/widgets/framework.dart:5529:7)
#731    ComponentElement._firstBuild (package:flutter/src/widgets/framework.dart:5799:5)
#732    StatefulElement._firstBuild (package:flutter/src/widgets/framework.dart:5973:11)
#733    ComponentElement.mount (package:flutter/src/widgets/framework.dart:5793:5)
#734    Element.inflateWidget (package:flutter/src/widgets/framework.dart:4587:20)
#735    Element.updateChild (package:flutter/src/widgets/framework.dart:4059:18)
#736    ComponentElement.performRebuild (package:flutter/src/widgets/framework.dart:5841:16)
#737    StatefulElement.performRebuild (package:flutter/src/widgets/framework.dart:5982:11)
#738    Element.rebuild (package:flutter/src/widgets/framework.dart:5529:7)
#739    ComponentElement._firstBuild (package:flutter/src/widgets/framework.dart:5799:5)
#740    StatefulElement._firstBuild (package:flutter/src/widgets/framework.dart:5973:11)
#741    ComponentElement.mount (package:flutter/src/widgets/framework.dart:5793:5)
#742    Element.inflateWidget (package:flutter/src/widgets/framework.dart:4587:20)
#743    Element.updateChild (package:flutter/src/widgets/framework.dart:4059:18)
#744    ComponentElement.performRebuild (package:flutter/src/widgets/framework.dart:5841:16)
#745    Element.rebuild (package:flutter/src/widgets/framework.dart:5529:7)
#746    ComponentElement._firstBuild (package:flutter/src/widgets/framework.dart:5799:5)
#747    ComponentElement.mount (package:flutter/src/widgets/framework.dart:5793:5)
#748    Element.inflateWidget (package:flutter/src/widgets/framework.dart:4587:20)
#749    Element.updateChild (package:flutter/src/widgets/framework.dart:4059:18)
#750    ComponentElement.performRebuild (package:flutter/src/widgets/framework.dart:5841:16)
#751    StatefulElement.performRebuild (package:flutter/src/widgets/framework.dart:5982:11)
#752    Element.rebuild (package:flutter/src/widgets/framework.dart:5529:7)
#753    ComponentElement._firstBuild (package:flutter/src/widgets/framework.dart:5799:5)
#754    StatefulElement._firstBuild (package:flutter/src/widgets/framework.dart:5973:11)
#755    ComponentElement.mount (package:flutter/src/widgets/framework.dart:5793:5)
#756    Element.inflateWidget (package:flutter/src/widgets/framework.dart:4587:20)
#757    Element.updateChild (package:flutter/src/widgets/framework.dart:4059:18)
#758    SingleChildRenderObjectElement.mount (package:flutter/src/widgets/framework.dart:7115:14)
#759    Element.inflateWidget (package:flutter/src/widgets/framework.dart:4587:20)
#760    Element.updateChild (package:flutter/src/widgets/framework.dart:4059:18)
#761    ComponentElement.performRebuild (package:flutter/src/widgets/framework.dart:5841:16)
#762    Element.rebuild (package:flutter/src/widgets/framework.dart:5529:7)
#763    ComponentElement._firstBuild (package:flutter/src/widgets/framework.dart:5799:5)
#764    ComponentElement.mount (package:flutter/src/widgets/framework.dart:5793:5)
#765    Element.inflateWidget (package:flutter/src/widgets/framework.dart:4587:20)
#766    Element.updateChild (package:flutter/src/widgets/framework.dart:4059:18)
#767    ComponentElement.performRebuild (package:flutter/src/widgets/framework.dart:5841:16)
#768    StatefulElement.performRebuild (package:flutter/src/widgets/framework.dart:5982:11)
#769    Element.rebuild (package:flutter/src/widgets/framework.dart:5529:7)
#770    ComponentElement._firstBuild (package:flutter/src/widgets/framework.dart:5799:5)
#771    StatefulElement._firstBuild (package:flutter/src/widgets/framework.dart:5973:11)
#772    ComponentElement.mount (package:flutter/src/widgets/framework.dart:5793:5)
#773    Element.inflateWidget (package:flutter/src/widgets/framework.dart:4587:20)
#774    Element.updateChild (package:flutter/src/widgets/framework.dart:4059:18)
#775    ComponentElement.performRebuild (package:flutter/src/widgets/framework.dart:5841:16)
#776    StatefulElement.performRebuild (package:flutter/src/widgets/framework.dart:5982:11)
#777    Element.rebuild (package:flutter/src/widgets/framework.dart:5529:7)
#778    ComponentElement._firstBuild (package:flutter/src/widgets/framework.dart:5799:5)
#779    StatefulElement._firstBuild (package:flutter/src/widgets/framework.dart:5973:11)
#780    ComponentElement.mount (package:flutter/src/widgets/framework.dart:5793:5)
#781    Element.inflateWidget (package:flutter/src/widgets/framework.dart:4587:20)
#782    Element.updateChild (package:flutter/src/widgets/framework.dart:4059:18)
#783    ComponentElement.performRebuild (package:flutter/src/widgets/framework.dart:5841:16)
#784    Element.rebuild (package:flutter/src/widgets/framework.dart:5529:7)
#785    ComponentElement._firstBuild (package:flutter/src/widgets/framework.dart:5799:5)
#786    ComponentElement.mount (package:flutter/src/widgets/framework.dart:5793:5)
#787    Element.inflateWidget (package:flutter/src/widgets/framework.dart:4587:20)
#788    Element.updateChild (package:flutter/src/widgets/framework.dart:4059:18)
#789    SingleChildRenderObjectElement.mount (package:flutter/src/widgets/framework.dart:7115:14)
#790    Element.inflateWidget (package:flutter/src/widgets/framework.dart:4587:20)
#791    Element.updateChild (package:flutter/src/widgets/framework.dart:4059:18)
#792    ComponentElement.performRebuild (package:flutter/src/widgets/framework.dart:5841:16)
#793    Element.rebuild (package:flutter/src/widgets/framework.dart:5529:7)
#794    ComponentElement._firstBuild (package:flutter/src/widgets/framework.dart:5799:5)
#795    ComponentElement.mount (package:flutter/src/widgets/framework.dart:5793:5)
#796    Element.inflateWidget (package:flutter/src/widgets/framework.dart:4587:20)
#797    Element.updateChild (package:flutter/src/widgets/framework.dart:4059:18)
#798    ComponentElement.performRebuild (package:flutter/src/widgets/framework.dart:5841:16)
#799    StatefulElement.performRebuild (package:flutter/src/widgets/framework.dart:5982:11)
#800    Element.rebuild (package:flutter/src/widgets/framework.dart:5529:7)
#801    ComponentElement._firstBuild (package:flutter/src/widgets/framework.dart:5799:5)
#802    StatefulElement._firstBuild (package:flutter/src/widgets/framework.dart:5973:11)
#803    ComponentElement.mount (package:flutter/src/widgets/framework.dart:5793:5)
#804    Element.inflateWidget (package:flutter/src/widgets/framework.dart:4587:20)
#805    Element.updateChild (package:flutter/src/widgets/framework.dart:4059:18)
#806    ComponentElement.performRebuild (package:flutter/src/widgets/framework.dart:5841:16)
#807    StatefulElement.performRebuild (package:flutter/src/widgets/framework.dart:5982:11)
#808    Element.rebuild (package:flutter/src/widgets/framework.dart:5529:7)
#809    ComponentElement._firstBuild (package:flutter/src/widgets/framework.dart:5799:5)
#810    StatefulElement._firstBuild (package:flutter/src/widgets/framework.dart:5973:11)
#811    ComponentElement.mount (package:flutter/src/widgets/framework.dart:5793:5)
#812    Element.inflateWidget (package:flutter/src/widgets/framework.dart:4587:20)
#813    Element.updateChild (package:flutter/src/widgets/framework.dart:4059:18)
#814    ComponentElement.performRebuild (package:flutter/src/widgets/framework.dart:5841:16)
#815    Element.rebuild (package:flutter/src/widgets/framework.dart:5529:7)
#816    ComponentElement._firstBuild (package:flutter/src/widgets/framework.dart:5799:5)
#817    ComponentElement.mount (package:flutter/src/widgets/framework.dart:5793:5)
#818    Element.inflateWidget (package:flutter/src/widgets/framework.dart:4587:20)
#819    Element.updateChild (package:flutter/src/widgets/framework.dart:4059:18)
#820    ComponentElement.performRebuild (package:flutter/src/widgets/framework.dart:5841:16)
#821    Element.rebuild (package:flutter/src/widgets/framework.dart:5529:7)
#822    ComponentElement._firstBuild (package:flutter/src/widgets/framework.dart:5799:5)
#823    ComponentElement.mount (package:flutter/src/widgets/framework.dart:5793:5)
#824    Element.inflateWidget (package:flutter/src/widgets/framework.dart:4587:20)
#825    Element.updateChild (package:flutter/src/widgets/framework.dart:4059:18)
#826    ComponentElement.performRebuild (package:flutter/src/widgets/framework.dart:5841:16)
#827    StatefulElement.performRebuild (package:flutter/src/widgets/framework.dart:5982:11)
#828    Element.rebuild (package:flutter/src/widgets/framework.dart:5529:7)
#829    ComponentElement._firstBuild (package:flutter/src/widgets/framework.dart:5799:5)
#830    StatefulElement._firstBuild (package:flutter/src/widgets/framework.dart:5973:11)
#831    ComponentElement.mount (package:flutter/src/widgets/framework.dart:5793:5)
#832    Element.inflateWidget (package:flutter/src/widgets/framework.dart:4587:20)
#833    Element.updateChild (package:flutter/src/widgets/framework.dart:4059:18)
#834    ComponentElement.performRebuild (package:flutter/src/widgets/framework.dart:5841:16)
#835    Element.rebuild (package:flutter/src/widgets/framework.dart:5529:7)
#836    ComponentElement._firstBuild (package:flutter/src/widgets/framework.dart:5799:5)
#837    ComponentElement.mount (package:flutter/src/widgets/framework.dart:5793:5)
#838    Element.inflateWidget (package:flutter/src/widgets/framework.dart:4587:20)
#839    Element.updateChild (package:flutter/src/widgets/framework.dart:4059:18)
#840    ComponentElement.performRebuild (package:flutter/src/widgets/framework.dart:5841:16)
#841    StatefulElement.performRebuild (package:flutter/src/widgets/framework.dart:5982:11)
#842    Element.rebuild (package:flutter/src/widgets/framework.dart:5529:7)
#843    ComponentElement._firstBuild (package:flutter/src/widgets/framework.dart:5799:5)
#844    StatefulElement._firstBuild (package:flutter/src/widgets/framework.dart:5973:11)
#845    ComponentElement.mount (package:flutter/src/widgets/framework.dart:5793:5)
#846    Element.inflateWidget (package:flutter/src/widgets/framework.dart:4587:20)
#847    Element.updateChild (package:flutter/src/widgets/framework.dart:4059:18)
#848    ComponentElement.performRebuild (package:flutter/src/widgets/framework.dart:5841:16)
#849    Element.rebuild (package:flutter/src/widgets/framework.dart:5529:7)
#850    ComponentElement._firstBuild (package:flutter/src/widgets/framework.dart:5799:5)
#851    ComponentElement.mount (package:flutter/src/widgets/framework.dart:5793:5)
#852    Element.inflateWidget (package:flutter/src/widgets/framework.dart:4587:20)
#853    Element.updateChild (package:flutter/src/widgets/framework.dart:4059:18)
#854    ComponentElement.performRebuild (package:flutter/src/widgets/framework.dart:5841:16)
#855    StatefulElement.performRebuild (package:flutter/src/widgets/framework.dart:5982:11)
#856    Element.rebuild (package:flutter/src/widgets/framework.dart:5529:7)
#857    ComponentElement._firstBuild (package:flutter/src/widgets/framework.dart:5799:5)
#858    StatefulElement._firstBuild (package:flutter/src/widgets/framework.dart:5973:11)
#859    ComponentElement.mount (package:flutter/src/widgets/framework.dart:5793:5)
#860    Element.inflateWidget (package:flutter/src/widgets/framework.dart:4587:20)
#861    Element.updateChild (package:flutter/src/widgets/framework.dart:4059:18)
#862    ComponentElement.performRebuild (package:flutter/src/widgets/framework.dart:5841:16)
#863    StatefulElement.performRebuild (package:flutter/src/widgets/framework.dart:5982:11)
#864    Element.rebuild (package:flutter/src/widgets/framework.dart:5529:7)
#865    ComponentElement._firstBuild (package:flutter/src/widgets/framework.dart:5799:5)
#866    StatefulElement._firstBuild (package:flutter/src/widgets/framework.dart:5973:11)
#867    ComponentElement.mount (package:flutter/src/widgets/framework.dart:5793:5)
#868    Element.inflateWidget (package:flutter/src/widgets/framework.dart:4587:20)
#869    Element.updateChild (package:flutter/src/widgets/framework.dart:4059:18)
#870    ComponentElement.performRebuild (package:flutter/src/widgets/framework.dart:5841:16)
#871    Element.rebuild (package:flutter/src/widgets/framework.dart:5529:7)
#872    ComponentElement._firstBuild (package:flutter/src/widgets/framework.dart:5799:5)
#873    ComponentElement.mount (package:flutter/src/widgets/framework.dart:5793:5)
#874    Element.inflateWidget (package:flutter/src/widgets/framework.dart:4587:20)
#875    Element.updateChild (package:flutter/src/widgets/framework.dart:4059:18)
#876    ComponentElement.performRebuild (package:flutter/src/widgets/framework.dart:5841:16)
#877    Element.rebuild (package:flutter/src/widgets/framework.dart:5529:7)
#878    ComponentElement._firstBuild (package:flutter/src/widgets/framework.dart:5799:5)
#879    ComponentElement.mount (package:flutter/src/widgets/framework.dart:5793:5)
#880    Element.inflateWidget (package:flutter/src/widgets/framework.dart:4587:20)
#881    Element.updateChild (package:flutter/src/widgets/framework.dart:4059:18)
#882    ComponentElement.performRebuild (package:flutter/src/widgets/framework.dart:5841:16)
#883    StatefulElement.performRebuild (package:flutter/src/widgets/framework.dart:5982:11)
#884    Element.rebuild (package:flutter/src/widgets/framework.dart:5529:7)
#885    ComponentElement._firstBuild (package:flutter/src/widgets/framework.dart:5799:5)
#886    StatefulElement._firstBuild (package:flutter/src/widgets/framework.dart:5973:11)
#887    ComponentElement.mount (package:flutter/src/widgets/framework.dart:5793:5)
#888    Element.inflateWidget (package:flutter/src/widgets/framework.dart:4587:20)
#889    Element.updateChild (package:flutter/src/widgets/framework.dart:4059:18)
#890    ComponentElement.performRebuild (package:flutter/src/widgets/framework.dart:5841:16)
#891    Element.rebuild (package:flutter/src/widgets/framework.dart:5529:7)
#892    ComponentElement._firstBuild (package:flutter/src/widgets/framework.dart:5799:5)
#893    ComponentElement.mount (package:flutter/src/widgets/framework.dart:5793:5)
#894    Element.inflateWidget (package:flutter/src/widgets/framework.dart:4587:20)
#895    Element.updateChild (package:flutter/src/widgets/framework.dart:4059:18)
#896    ComponentElement.performRebuild (package:flutter/src/widgets/framework.dart:5841:16)
#897    StatefulElement.performRebuild (package:flutter/src/widgets/framework.dart:5982:11)
#898    Element.rebuild (package:flutter/src/widgets/framework.dart:5529:7)
#899    ComponentElement._firstBuild (package:flutter/src/widgets/framework.dart:5799:5)
#900    StatefulElement._firstBuild (package:flutter/src/widgets/framework.dart:5973:11)
#901    ComponentElement.mount (package:flutter/src/widgets/framework.dart:5793:5)
#902    Element.inflateWidget (package:flutter/src/widgets/framework.dart:4587:20)
#903    Element.updateChild (package:flutter/src/widgets/framework.dart:4059:18)
#904    ComponentElement.performRebuild (package:flutter/src/widgets/framework.dart:5841:16)
#905    StatefulElement.performRebuild (package:flutter/src/widgets/framework.dart:5982:11)
#906    Element.rebuild (package:flutter/src/widgets/framework.dart:5529:7)
#907    ComponentElement._firstBuild (package:flutter/src/widgets/framework.dart:5799:5)
#908    StatefulElement._firstBuild (package:flutter/src/widgets/framework.dart:5973:11)
#909    ComponentElement.mount (package:flutter/src/widgets/framework.dart:5793:5)
#910    Element.inflateWidget (package:flutter/src/widgets/framework.dart:4587:20)
#911    Element.updateChild (package:flutter/src/widgets/framework.dart:4053:20)
#912    ComponentElement.performRebuild (package:flutter/src/widgets/framework.dart:5841:16)
#913    Element.rebuild (package:flutter/src/widgets/framework.dart:5529:7)
#914    ProxyElement.update (package:flutter/src/widgets/framework.dart:6149:5)
#915    _InheritedNotifierElement.update
(package:flutter/src/widgets/inherited_notifier.dart:108:11)
#916    Element.updateChild (package:flutter/src/widgets/framework.dart:4037:15)
#917    ComponentElement.performRebuild (package:flutter/src/widgets/framework.dart:5841:16)
#918    StatefulElement.performRebuild (package:flutter/src/widgets/framework.dart:5982:11)
#919    Element.rebuild (package:flutter/src/widgets/framework.dart:5529:7)
#920    StatefulElement.update (package:flutter/src/widgets/framework.dart:6007:5)
#921    Element.updateChild (package:flutter/src/widgets/framework.dart:4037:15)
#922    ComponentElement.performRebuild (package:flutter/src/widgets/framework.dart:5841:16)
#923    Element.rebuild (package:flutter/src/widgets/framework.dart:5529:7)
#924    ProxyElement.update (package:flutter/src/widgets/framework.dart:6149:5)
#925    _InheritedNotifierElement.update
(package:flutter/src/widgets/inherited_notifier.dart:108:11)
#926    Element.updateChild (package:flutter/src/widgets/framework.dart:4037:15)
#927    ComponentElement.performRebuild (package:flutter/src/widgets/framework.dart:5841:16)
#928    StatefulElement.performRebuild (package:flutter/src/widgets/framework.dart:5982:11)
#929    Element.rebuild (package:flutter/src/widgets/framework.dart:5529:7)
#930    StatefulElement.update (package:flutter/src/widgets/framework.dart:6007:5)
#931    Element.updateChild (package:flutter/src/widgets/framework.dart:4037:15)
#932    ComponentElement.performRebuild (package:flutter/src/widgets/framework.dart:5841:16)
#933    StatefulElement.performRebuild (package:flutter/src/widgets/framework.dart:5982:11)
#934    Element.rebuild (package:flutter/src/widgets/framework.dart:5529:7)
#935    StatefulElement.update (package:flutter/src/widgets/framework.dart:6007:5)
#936    Element.updateChild (package:flutter/src/widgets/framework.dart:4037:15)
#937    ComponentElement.performRebuild (package:flutter/src/widgets/framework.dart:5841:16)
#938    Element.rebuild (package:flutter/src/widgets/framework.dart:5529:7)
#939    ProxyElement.update (package:flutter/src/widgets/framework.dart:6149:5)
#940    Element.updateChild (package:flutter/src/widgets/framework.dart:4037:15)
#941    ComponentElement.performRebuild (package:flutter/src/widgets/framework.dart:5841:16)
#942    StatefulElement.performRebuild (package:flutter/src/widgets/framework.dart:5982:11)
#943    Element.rebuild (package:flutter/src/widgets/framework.dart:5529:7)
#944    StatefulElement.update (package:flutter/src/widgets/framework.dart:6007:5)
#945    Element.updateChild (package:flutter/src/widgets/framework.dart:4037:15)
#946    ComponentElement.performRebuild (package:flutter/src/widgets/framework.dart:5841:16)
#947    Element.rebuild (package:flutter/src/widgets/framework.dart:5529:7)
#948    ProxyElement.update (package:flutter/src/widgets/framework.dart:6149:5)
#949    Element.updateChild (package:flutter/src/widgets/framework.dart:4037:15)
#950    ComponentElement.performRebuild (package:flutter/src/widgets/framework.dart:5841:16)
#951    Element.rebuild (package:flutter/src/widgets/framework.dart:5529:7)
#952    ProxyElement.update (package:flutter/src/widgets/framework.dart:6149:5)
#953    Element.updateChild (package:flutter/src/widgets/framework.dart:4037:15)
#954    _RawViewElement._updateChild (package:flutter/src/widgets/view.dart:481:16)
#955    _RawViewElement.update (package:flutter/src/widgets/view.dart:568:5)
#956    Element.updateChild (package:flutter/src/widgets/framework.dart:4037:15)
#957    ComponentElement.performRebuild (package:flutter/src/widgets/framework.dart:5841:16)
#958    Element.rebuild (package:flutter/src/widgets/framework.dart:5529:7)
#959    StatelessElement.update (package:flutter/src/widgets/framework.dart:5895:5)
#960    Element.updateChild (package:flutter/src/widgets/framework.dart:4037:15)
#961    ComponentElement.performRebuild (package:flutter/src/widgets/framework.dart:5841:16)
#962    StatefulElement.performRebuild (package:flutter/src/widgets/framework.dart:5982:11)
#963    Element.rebuild (package:flutter/src/widgets/framework.dart:5529:7)
#964    StatefulElement.update (package:flutter/src/widgets/framework.dart:6007:5)
#965    Element.updateChild (package:flutter/src/widgets/framework.dart:4037:15)
#966    RootElement._rebuild (package:flutter/src/widgets/binding.dart:1822:16)
#967    RootElement.update (package:flutter/src/widgets/binding.dart:1800:5)
#968    RootElement.performRebuild (package:flutter/src/widgets/binding.dart:1814:7)
#969    Element.rebuild (package:flutter/src/widgets/framework.dart:5529:7)
#970    BuildScope._tryRebuild (package:flutter/src/widgets/framework.dart:2750:15)
#971    BuildScope._flushDirtyElements (package:flutter/src/widgets/framework.dart:2807:11)
#972    BuildOwner.buildScope (package:flutter/src/widgets/framework.dart:3111:18)
#973    AutomatedTestWidgetsFlutterBinding.drawFrame (package:flutter_test/src/binding.dart:2131:19)
#974    RendererBinding._handlePersistentFrameCallback
(package:flutter/src/rendering/binding.dart:495:5)
#975    SchedulerBinding._invokeFrameCallback (package:flutter/src/scheduler/binding.dart:1430:15)
#976    SchedulerBinding.handleDrawFrame (package:flutter/src/scheduler/binding.dart:1345:9)
#977    AutomatedTestWidgetsFlutterBinding.pump.<anonymous closure>
(package:flutter_test/src/binding.dart:1960:9)
#978    _rootRun (dart:async/zone_root.dart:35:13)
#979    _CustomZone.run (dart:async/zone.dart:726:19)
#980    TestAsyncUtils.guard (package:flutter_test/src/test_async_utils.dart:74:41)
#981    AutomatedTestWidgetsFlutterBinding.pump (package:flutter_test/src/binding.dart:1949:27)
#982    WidgetTester.pumpWidget.<anonymous closure>
(package:flutter_test/src/widget_tester.dart:598:22)
#983    _rootRun (dart:async/zone_root.dart:35:13)
#984    _CustomZone.run (dart:async/zone.dart:726:19)
#985    TestAsyncUtils.guard (package:flutter_test/src/test_async_utils.dart:74:41)
#986    WidgetTester.pumpWidget (package:flutter_test/src/widget_tester.dart:595:27)
#987    main.<anonymous closure>.<anonymous closure>
(file:///Users/ralein/Desktop/project/Unorive/test/trip_tracking_test.dart:219:20)
#988    testWidgets.<anonymous closure>.<anonymous closure>
(package:flutter_test/src/widget_tester.dart:192:29)
<asynchronous suspension>
#989    TestWidgetsFlutterBinding._runTestBody (package:flutter_test/src/binding.dart:1682:5)
<asynchronous suspension>
#990    StackZoneSpecification._registerCallback.<anonymous closure>
(package:stack_trace/src/stack_zone_specification.dart:114:42)
<asynchronous suspension>

The relevant error-causing widget was:
  TripTrackingSheet
  TripTrackingSheet:file:///Users/ralein/Desktop/project/Unorive/test/trip_tracking_test.dart:225:19

When the exception was thrown, this was the stack:
#0      throwProviderException (package:riverpod/src/common/stack_trace.dart:10:3)
#1      $ResultError.valueOrProviderException (package:riverpod/src/common/result.dart:108:7)
#2      ConsumerStatefulElement.watch (package:flutter_riverpod/src/core/consumer.dart:483:14)
#3      TripTrackingSheet.build (package:unorive/features/trip_tracking/trip_tracking_sheet.dart:18:27)
#4      _ConsumerState.build (package:flutter_riverpod/src/core/consumer.dart:283:48)
#5      StatefulElement.build (package:flutter/src/widgets/framework.dart:5931:27)
#6      ConsumerStatefulElement.build (package:flutter_riverpod/src/core/consumer.dart:445:20)
#7      ComponentElement.performRebuild (package:flutter/src/widgets/framework.dart:5817:15)
#8      StatefulElement.performRebuild (package:flutter/src/widgets/framework.dart:5982:11)
#9      Element.rebuild (package:flutter/src/widgets/framework.dart:5529:7)
#10     ComponentElement._firstBuild (package:flutter/src/widgets/framework.dart:5799:5)
#11     StatefulElement._firstBuild (package:flutter/src/widgets/framework.dart:5973:11)
#12     ComponentElement.mount (package:flutter/src/widgets/framework.dart:5793:5)
#13     Element.inflateWidget (package:flutter/src/widgets/framework.dart:4587:20)
#14     MultiChildRenderObjectElement.inflateWidget (package:flutter/src/widgets/framework.dart:7264:36)
#15     MultiChildRenderObjectElement.mount (package:flutter/src/widgets/framework.dart:7279:32)
...     Normal element mounting (25 frames)
#40     Element.inflateWidget (package:flutter/src/widgets/framework.dart:4587:20)
#41     MultiChildRenderObjectElement.inflateWidget (package:flutter/src/widgets/framework.dart:7264:36)
#42     MultiChildRenderObjectElement.mount (package:flutter/src/widgets/framework.dart:7279:32)
...     Normal element mounting (364 frames)
#406    Element.inflateWidget (package:flutter/src/widgets/framework.dart:4587:20)
#407    MultiChildRenderObjectElement.inflateWidget (package:flutter/src/widgets/framework.dart:7264:36)
#408    MultiChildRenderObjectElement.mount (package:flutter/src/widgets/framework.dart:7279:32)
...     Normal element mounting (489 frames)
#897    Element.inflateWidget (package:flutter/src/widgets/framework.dart:4587:20)
#898    Element.updateChild (package:flutter/src/widgets/framework.dart:4053:20)
#899    ComponentElement.performRebuild (package:flutter/src/widgets/framework.dart:5841:16)
#900    Element.rebuild (package:flutter/src/widgets/framework.dart:5529:7)
#901    ProxyElement.update (package:flutter/src/widgets/framework.dart:6149:5)
#902    _InheritedNotifierElement.update (package:flutter/src/widgets/inherited_notifier.dart:108:11)
#903    Element.updateChild (package:flutter/src/widgets/framework.dart:4037:15)
#904    ComponentElement.performRebuild (package:flutter/src/widgets/framework.dart:5841:16)
#905    StatefulElement.performRebuild (package:flutter/src/widgets/framework.dart:5982:11)
#906    Element.rebuild (package:flutter/src/widgets/framework.dart:5529:7)
#907    StatefulElement.update (package:flutter/src/widgets/framework.dart:6007:5)
#908    Element.updateChild (package:flutter/src/widgets/framework.dart:4037:15)
#909    ComponentElement.performRebuild (package:flutter/src/widgets/framework.dart:5841:16)
#910    Element.rebuild (package:flutter/src/widgets/framework.dart:5529:7)
#911    ProxyElement.update (package:flutter/src/widgets/framework.dart:6149:5)
#912    _InheritedNotifierElement.update (package:flutter/src/widgets/inherited_notifier.dart:108:11)
#913    Element.updateChild (package:flutter/src/widgets/framework.dart:4037:15)
#914    ComponentElement.performRebuild (package:flutter/src/widgets/framework.dart:5841:16)
#915    StatefulElement.performRebuild (package:flutter/src/widgets/framework.dart:5982:11)
#916    Element.rebuild (package:flutter/src/widgets/framework.dart:5529:7)
#917    StatefulElement.update (package:flutter/src/widgets/framework.dart:6007:5)
#918    Element.updateChild (package:flutter/src/widgets/framework.dart:4037:15)
#919    ComponentElement.performRebuild (package:flutter/src/widgets/framework.dart:5841:16)
#920    StatefulElement.performRebuild (package:flutter/src/widgets/framework.dart:5982:11)
#921    Element.rebuild (package:flutter/src/widgets/framework.dart:5529:7)
#922    StatefulElement.update (package:flutter/src/widgets/framework.dart:6007:5)
#923    Element.updateChild (package:flutter/src/widgets/framework.dart:4037:15)
#924    ComponentElement.performRebuild (package:flutter/src/widgets/framework.dart:5841:16)
#925    Element.rebuild (package:flutter/src/widgets/framework.dart:5529:7)
#926    ProxyElement.update (package:flutter/src/widgets/framework.dart:6149:5)
#927    Element.updateChild (package:flutter/src/widgets/framework.dart:4037:15)
#928    ComponentElement.performRebuild (package:flutter/src/widgets/framework.dart:5841:16)
#929    StatefulElement.performRebuild (package:flutter/src/widgets/framework.dart:5982:11)
#930    Element.rebuild (package:flutter/src/widgets/framework.dart:5529:7)
#931    StatefulElement.update (package:flutter/src/widgets/framework.dart:6007:5)
#932    Element.updateChild (package:flutter/src/widgets/framework.dart:4037:15)
#933    ComponentElement.performRebuild (package:flutter/src/widgets/framework.dart:5841:16)
#934    Element.rebuild (package:flutter/src/widgets/framework.dart:5529:7)
#935    ProxyElement.update (package:flutter/src/widgets/framework.dart:6149:5)
#936    Element.updateChild (package:flutter/src/widgets/framework.dart:4037:15)
#937    ComponentElement.performRebuild (package:flutter/src/widgets/framework.dart:5841:16)
#938    Element.rebuild (package:flutter/src/widgets/framework.dart:5529:7)
#939    ProxyElement.update (package:flutter/src/widgets/framework.dart:6149:5)
#940    Element.updateChild (package:flutter/src/widgets/framework.dart:4037:15)
#941    _RawViewElement._updateChild (package:flutter/src/widgets/view.dart:481:16)
#942    _RawViewElement.update (package:flutter/src/widgets/view.dart:568:5)
#943    Element.updateChild (package:flutter/src/widgets/framework.dart:4037:15)
#944    ComponentElement.performRebuild (package:flutter/src/widgets/framework.dart:5841:16)
#945    Element.rebuild (package:flutter/src/widgets/framework.dart:5529:7)
#946    StatelessElement.update (package:flutter/src/widgets/framework.dart:5895:5)
#947    Element.updateChild (package:flutter/src/widgets/framework.dart:4037:15)
#948    ComponentElement.performRebuild (package:flutter/src/widgets/framework.dart:5841:16)
#949    StatefulElement.performRebuild (package:flutter/src/widgets/framework.dart:5982:11)
#950    Element.rebuild (package:flutter/src/widgets/framework.dart:5529:7)
#951    StatefulElement.update (package:flutter/src/widgets/framework.dart:6007:5)
#952    Element.updateChild (package:flutter/src/widgets/framework.dart:4037:15)
#953    RootElement._rebuild (package:flutter/src/widgets/binding.dart:1822:16)
#954    RootElement.update (package:flutter/src/widgets/binding.dart:1800:5)
#955    RootElement.performRebuild (package:flutter/src/widgets/binding.dart:1814:7)
#956    Element.rebuild (package:flutter/src/widgets/framework.dart:5529:7)
#957    BuildScope._tryRebuild (package:flutter/src/widgets/framework.dart:2750:15)
#958    BuildScope._flushDirtyElements (package:flutter/src/widgets/framework.dart:2807:11)
#959    BuildOwner.buildScope (package:flutter/src/widgets/framework.dart:3111:18)
#960    AutomatedTestWidgetsFlutterBinding.drawFrame (package:flutter_test/src/binding.dart:2131:19)
#961    RendererBinding._handlePersistentFrameCallback (package:flutter/src/rendering/binding.dart:495:5)
#962    SchedulerBinding._invokeFrameCallback (package:flutter/src/scheduler/binding.dart:1430:15)
#963    SchedulerBinding.handleDrawFrame (package:flutter/src/scheduler/binding.dart:1345:9)
#964    AutomatedTestWidgetsFlutterBinding.pump.<anonymous closure> (package:flutter_test/src/binding.dart:1960:9)
#967    TestAsyncUtils.guard (package:flutter_test/src/test_async_utils.dart:74:41)
#968    AutomatedTestWidgetsFlutterBinding.pump (package:flutter_test/src/binding.dart:1949:27)
#969    WidgetTester.pumpWidget.<anonymous closure> (package:flutter_test/src/widget_tester.dart:598:22)
#972    TestAsyncUtils.guard (package:flutter_test/src/test_async_utils.dart:74:41)
#973    WidgetTester.pumpWidget (package:flutter_test/src/widget_tester.dart:595:27)
#974    main.<anonymous closure>.<anonymous closure> (file:///Users/ralein/Desktop/project/Unorive/test/trip_tracking_test.dart:219:20)
#975    testWidgets.<anonymous closure>.<anonymous closure> (package:flutter_test/src/widget_tester.dart:192:29)
<asynchronous suspension>
#976    TestWidgetsFlutterBinding._runTestBody (package:flutter_test/src/binding.dart:1682:5)
<asynchronous suspension>
<asynchronous suspension>
(elided 5 frames from dart:async and package:stack_trace)

════════════════════════════════════════════════════════════════════════════════════════════════════
00:00 +0 -1: TripTrackingSheet Widget Tests renders nothing when trip status is idle [E]
  Test failed. See exception logs above.
  The test description was: renders nothing when trip status is idle
  
00:00 +0 -1: (tearDownAll)
00:00 +0 -1: Some tests failed.
